Archive member included to satisfy reference by file (symbol)

c:/st/stm32cubeide_1.7.0/stm32cubeide/plugins/com.st.stm32cube.ide.mcu.externaltools.gnu-tools-for-stm32.10.3-2021.10.win32_1.0.100.202210260954/tools/bin/../lib/gcc/arm-none-eabi/10.3.1/../../../../arm-none-eabi/lib/thumb/v7-m/nofp\libstdc++_nano.a(del_ops.o)
                              ./Modules/Buttons/Src/but_controlBlock.o (operator delete(void*, unsigned int))
c:/st/stm32cubeide_1.7.0/stm32cubeide/plugins/com.st.stm32cube.ide.mcu.externaltools.gnu-tools-for-stm32.10.3-2021.10.win32_1.0.100.202210260954/tools/bin/../lib/gcc/arm-none-eabi/10.3.1/../../../../arm-none-eabi/lib/thumb/v7-m/nofp\libstdc++_nano.a(new_op.o)
                              ./Modules/Buttons/Src/but_controlBlock.o (operator new(unsigned int))
c:/st/stm32cubeide_1.7.0/stm32cubeide/plugins/com.st.stm32cube.ide.mcu.externaltools.gnu-tools-for-stm32.10.3-2021.10.win32_1.0.100.202210260954/tools/bin/../lib/gcc/arm-none-eabi/10.3.1/../../../../arm-none-eabi/lib/thumb/v7-m/nofp\libstdc++_nano.a(list.o)
                              ./Modules/Buttons/Src/but_controlBlock.o (std::__detail::_List_node_base::_M_hook(std::__detail::_List_node_base*))
c:/st/stm32cubeide_1.7.0/stm32cubeide/plugins/com.st.stm32cube.ide.mcu.externaltools.gnu-tools-for-stm32.10.3-2021.10.win32_1.0.100.202210260954/tools/bin/../lib/gcc/arm-none-eabi/10.3.1/../../../../arm-none-eabi/lib/thumb/v7-m/nofp\libstdc++_nano.a(functexcept.o)
                              ./Modules/Buttons/Src/but_controlBlock.o (std::__throw_bad_alloc())
c:/st/stm32cubeide_1.7.0/stm32cubeide/plugins/com.st.stm32cube.ide.mcu.externaltools.gnu-tools-for-stm32.10.3-2021.10.win32_1.0.100.202210260954/tools/bin/../lib/gcc/arm-none-eabi/10.3.1/../../../../arm-none-eabi/lib/thumb/v7-m/nofp\libstdc++_nano.a(snprintf_lite.o)
                              c:/st/stm32cubeide_1.7.0/stm32cubeide/plugins/com.st.stm32cube.ide.mcu.externaltools.gnu-tools-for-stm32.10.3-2021.10.win32_1.0.100.202210260954/tools/bin/../lib/gcc/arm-none-eabi/10.3.1/../../../../arm-none-eabi/lib/thumb/v7-m/nofp\libstdc++_nano.a(functexcept.o) (__gnu_cxx::__snprintf_lite(char*, unsigned int, char const*, std::__va_list))
c:/st/stm32cubeide_1.7.0/stm32cubeide/plugins/com.st.stm32cube.ide.mcu.externaltools.gnu-tools-for-stm32.10.3-2021.10.win32_1.0.100.202210260954/tools/bin/../lib/gcc/arm-none-eabi/10.3.1/../../../../arm-none-eabi/lib/thumb/v7-m/nofp\libstdc++_nano.a(del_op.o)
                              c:/st/stm32cubeide_1.7.0/stm32cubeide/plugins/com.st.stm32cube.ide.mcu.externaltools.gnu-tools-for-stm32.10.3-2021.10.win32_1.0.100.202210260954/tools/bin/../lib/gcc/arm-none-eabi/10.3.1/../../../../arm-none-eabi/lib/thumb/v7-m/nofp\libstdc++_nano.a(del_ops.o) (operator delete(void*))
c:/st/stm32cubeide_1.7.0/stm32cubeide/plugins/com.st.stm32cube.ide.mcu.externaltools.gnu-tools-for-stm32.10.3-2021.10.win32_1.0.100.202210260954/tools/bin/../lib/gcc/arm-none-eabi/10.3.1/../../../../arm-none-eabi/lib/thumb/v7-m/nofp\libstdc++_nano.a(new_handler.o)
                              c:/st/stm32cubeide_1.7.0/stm32cubeide/plugins/com.st.stm32cube.ide.mcu.externaltools.gnu-tools-for-stm32.10.3-2021.10.win32_1.0.100.202210260954/tools/bin/../lib/gcc/arm-none-eabi/10.3.1/../../../../arm-none-eabi/lib/thumb/v7-m/nofp\libstdc++_nano.a(new_op.o) (std::get_new_handler())
c:/st/stm32cubeide_1.7.0/stm32cubeide/plugins/com.st.stm32cube.ide.mcu.externaltools.gnu-tools-for-stm32.10.3-2021.10.win32_1.0.100.202210260954/tools/bin/../lib/gcc/arm-none-eabi/10.3.1/../../../../arm-none-eabi/lib/thumb/v7-m/nofp\libm.a(lib_a-w_pow.o)
                              ./Modules/Tetris/Src/TetrisLogic.o (pow)
c:/st/stm32cubeide_1.7.0/stm32cubeide/plugins/com.st.stm32cube.ide.mcu.externaltools.gnu-tools-for-stm32.10.3-2021.10.win32_1.0.100.202210260954/tools/bin/../lib/gcc/arm-none-eabi/10.3.1/../../../../arm-none-eabi/lib/thumb/v7-m/nofp\libm.a(lib_a-e_pow.o)
                              c:/st/stm32cubeide_1.7.0/stm32cubeide/plugins/com.st.stm32cube.ide.mcu.externaltools.gnu-tools-for-stm32.10.3-2021.10.win32_1.0.100.202210260954/tools/bin/../lib/gcc/arm-none-eabi/10.3.1/../../../../arm-none-eabi/lib/thumb/v7-m/nofp\libm.a(lib_a-w_pow.o) (__ieee754_pow)
c:/st/stm32cubeide_1.7.0/stm32cubeide/plugins/com.st.stm32cube.ide.mcu.externaltools.gnu-tools-for-stm32.10.3-2021.10.win32_1.0.100.202210260954/tools/bin/../lib/gcc/arm-none-eabi/10.3.1/../../../../arm-none-eabi/lib/thumb/v7-m/nofp\libm.a(lib_a-e_sqrt.o)
                              c:/st/stm32cubeide_1.7.0/stm32cubeide/plugins/com.st.stm32cube.ide.mcu.externaltools.gnu-tools-for-stm32.10.3-2021.10.win32_1.0.100.202210260954/tools/bin/../lib/gcc/arm-none-eabi/10.3.1/../../../../arm-none-eabi/lib/thumb/v7-m/nofp\libm.a(lib_a-e_pow.o) (__ieee754_sqrt)
[...]
Memory Configuration

Name             Origin             Length             Attributes
RAM              0x0000000020000000 0x0000000000005000 xrw
FLASH            0x0000000008000000 0x0000000000010000 xr
*default*        0x0000000000000000 0xffffffffffffffff

Linker script and memory map

LOAD c:/st/stm32cubeide_1.7.0/stm32cubeide/plugins/com.st.stm32cube.ide.mcu.externaltools.gnu-tools-for-stm32.10.3-2021.10.win32_1.0.100.202210260954/tools/bin/../lib/gcc/arm-none-eabi/10.3.1/thumb/v7-m/nofp/crti.o
LOAD c:/st/stm32cubeide_1.7.0/stm32cubeide/plugins/com.st.stm32cube.ide.mcu.externaltools.gnu-tools-for-stm32.10.3-2021.10.win32_1.0.100.202210260954/tools/bin/../lib/gcc/arm-none-eabi/10.3.1/thumb/v7-m/nofp/crtbegin.o
LOAD c:/st/stm32cubeide_1.7.0/stm32cubeide/plugins/com.st.stm32cube.ide.mcu.externaltools.gnu-tools-for-stm32.10.3-2021.10.win32_1.0.100.202210260954/tools/bin/../lib/gcc/arm-none-eabi/10.3.1/../../../../arm-none-eabi/lib/thumb/v7-m/nofp/crt0.o
LOAD ./Core/Src/main.o
LOAD ./Core/Src/stm32f1xx_hal_msp.o
LOAD ./Core/Src/stm32f1xx_it.o
LOAD ./Core/Src/syscalls.o
LOAD ./Core/Src/sysmem.o
LOAD ./Core/Src/system_stm32f1xx.o
LOAD ./Core/Startup/startup_stm32f103c8tx.o
LOAD ./Drivers/STM32F1xx_HAL_Driver/Src/stm32f1xx_hal.o
LOAD ./Drivers/STM32F1xx_HAL_Driver/Src/stm32f1xx_hal_cortex.o
LOAD ./Drivers/STM32F1xx_HAL_Driver/Src/stm32f1xx_hal_dma.o
LOAD ./Drivers/STM32F1xx_HAL_Driver/Src/stm32f1xx_hal_exti.o
LOAD ./Drivers/STM32F1xx_HAL_Driver/Src/stm32f1xx_hal_flash.o
LOAD ./Drivers/STM32F1xx_HAL_Driver/Src/stm32f1xx_hal_flash_ex.o
LOAD ./Drivers/STM32F1xx_HAL_Driver/Src/stm32f1xx_hal_gpio.o
LOAD ./Drivers/STM32F1xx_HAL_Driver/Src/stm32f1xx_hal_gpio_ex.o
LOAD ./Drivers/STM32F1xx_HAL_Driver/Src/stm32f1xx_hal_pwr.o
LOAD ./Drivers/STM32F1xx_HAL_Driver/Src/stm32f1xx_hal_rcc.o
LOAD ./Drivers/STM32F1xx_HAL_Driver/Src/stm32f1xx_hal_rcc_ex.o
LOAD ./Drivers/STM32F1xx_HAL_Driver/Src/stm32f1xx_hal_tim.o
LOAD ./Drivers/STM32F1xx_HAL_Driver/Src/stm32f1xx_hal_tim_ex.o
LOAD ./Drivers/STM32F1xx_HAL_Driver/Src/stm32f1xx_hal_uart.o
LOAD ./Modules/Adafruit_GFX/Src/Adafruit_GFX.o
LOAD ./Modules/Adafruit_GFX/Src/Draw_Write.o
LOAD ./Modules/Adafruit_GFX/Src/ILI9341.o
LOAD ./Modules/Adafruit_GFX/Src/delay_us.o
LOAD ./Modules/Buttons/Src/but_controlBlock.o
LOAD ./Modules/Buttons/Src/but_detail.o
LOAD ./Modules/Process/Src/MainThread.o
LOAD ./Modules/Snake/Src/SnakeLogic.o
LOAD ./Modules/Snake/Src/SnakeTask.o
LOAD ./Modules/Tetris/Src/TetrisLogic.o
LOAD ./Modules/Tetris/Src/TetrisTask.o
START GROUP
LOAD c:/st/stm32cubeide_1.7.0/stm32cubeide/plugins/com.st.stm32cube.ide.mcu.externaltools.gnu-tools-for-stm32.10.3-2021.10.win32_1.0.100.202210260954/tools/bin/../lib/gcc/arm-none-eabi/10.3.1/../../../../arm-none-eabi/lib/thumb/v7-m/nofp\libstdc++_nano.a
LOAD c:/st/stm32cubeide_1.7.0/stm32cubeide/plugins/com.st.stm32cube.ide.mcu.externaltools.gnu-tools-for-stm32.10.3-2021.10.win32_1.0.100.202210260954/tools/bin/../lib/gcc/arm-none-eabi/10.3.1/../../../../arm-none-eabi/lib/thumb/v7-m/nofp\libsupc++_nano.a
END GROUP
LOAD c:/st/stm32cubeide_1.7.0/stm32cubeide/plugins/com.st.stm32cube.ide.mcu.externaltools.gnu-tools-for-stm32.10.3-2021.10.win32_1.0.100.202210260954/tools/bin/../lib/gcc/arm-none-eabi/10.3.1/../../../../arm-none-eabi/lib/thumb/v7-m/nofp\libstdc++_nano.a
LOAD c:/st/stm32cubeide_1.7.0/stm32cubeide/plugins/com.st.stm32cube.ide.mcu.externaltools.gnu-tools-for-stm32.10.3-2021.10.win32_1.0.100.202210260954/tools/bin/../lib/gcc/arm-none-eabi/10.3.1/../../../../arm-none-eabi/lib/thumb/v7-m/nofp\libm.a
LOAD c:/st/stm32cubeide_1.7.0/stm32cubeide/plugins/com.st.stm32cube.ide.mcu.externaltools.gnu-tools-for-stm32.10.3-2021.10.win32_1.0.100.202210260954/tools/bin/../lib/gcc/arm-none-eabi/10.3.1/../../../../arm-none-eabi/lib/thumb/v7-m/nofp\libc_nano.a
START GROUP
LOAD c:/st/stm32cubeide_1.7.0/stm32cubeide/plugins/com.st.stm32cube.ide.mcu.externaltools.gnu-tools-for-stm32.10.3-2021.10.win32_1.0.100.202210260954/tools/bin/../lib/gcc/arm-none-eabi/10.3.1/thumb/v7-m/nofp\libgcc.a
LOAD c:/st/stm32cubeide_1.7.0/stm32cubeide/plugins/com.st.stm32cube.ide.mcu.externaltools.gnu-tools-for-stm32.10.3-2021.10.win32_1.0.100.202210260954/tools/bin/../lib/gcc/arm-none-eabi/10.3.1/../../../../arm-none-eabi/lib/thumb/v7-m/nofp\libc_nano.a
END GROUP
START GROUP
LOAD c:/st/stm32cubeide_1.7.0/stm32cubeide/plugins/com.st.stm32cube.ide.mcu.externaltools.gnu-tools-for-stm32.10.3-2021.10.win32_1.0.100.202210260954/tools/bin/../lib/gcc/arm-none-eabi/10.3.1/thumb/v7-m/nofp\libgcc.a
LOAD c:/st/stm32cubeide_1.7.0/stm32cubeide/plugins/com.st.stm32cube.ide.mcu.externaltools.gnu-tools-for-stm32.10.3-2021.10.win32_1.0.100.202210260954/tools/bin/../lib/gcc/arm-none-eabi/10.3.1/../../../../arm-none-eabi/lib/thumb/v7-m/nofp\libc_nano.a
LOAD c:/st/stm32cubeide_1.7.0/stm32cubeide/plugins/com.st.stm32cube.ide.mcu.externaltools.gnu-tools-for-stm32.10.3-2021.10.win32_1.0.100.202210260954/tools/bin/../lib/gcc/arm-none-eabi/10.3.1/../../../../arm-none-eabi/lib/thumb/v7-m/nofp\libnosys.a
END GROUP
START GROUP
LOAD c:/st/stm32cubeide_1.7.0/stm32cubeide/plugins/com.st.stm32cube.ide.mcu.externaltools.gnu-tools-for-stm32.10.3-2021.10.win32_1.0.100.202210260954/tools/bin/../lib/gcc/arm-none-eabi/10.3.1/thumb/v7-m/nofp\libgcc.a
LOAD c:/st/stm32cubeide_1.7.0/stm32cubeide/plugins/com.st.stm32cube.ide.mcu.externaltools.gnu-tools-for-stm32.10.3-2021.10.win32_1.0.100.202210260954/tools/bin/../lib/gcc/arm-none-eabi/10.3.1/../../../../arm-none-eabi/lib/thumb/v7-m/nofp\libc_nano.a
LOAD c:/st/stm32cubeide_1.7.0/stm32cubeide/plugins/com.st.stm32cube.ide.mcu.externaltools.gnu-tools-for-stm32.10.3-2021.10.win32_1.0.100.202210260954/tools/bin/../lib/gcc/arm-none-eabi/10.3.1/../../../../arm-none-eabi/lib/thumb/v7-m/nofp\libnosys.a
END GROUP
LOAD c:/st/stm32cubeide_1.7.0/stm32cubeide/plugins/com.st.stm32cube.ide.mcu.externaltools.gnu-tools-for-stm32.10.3-2021.10.win32_1.0.100.202210260954/tools/bin/../lib/gcc/arm-none-eabi/10.3.1/thumb/v7-m/nofp/crtend.o
LOAD c:/st/stm32cubeide_1.7.0/stm32cubeide/plugins/com.st.stm32cube.ide.mcu.externaltools.gnu-tools-for-stm32.10.3-2021.10.win32_1.0.100.202210260954/tools/bin/../lib/gcc/arm-none-eabi/10.3.1/thumb/v7-m/nofp/crtn.o
                0x0000000020005000                _estack = (ORIGIN (RAM) + LENGTH (RAM))
                0x0000000000000200                _Min_Heap_Size = 0x200
                0x0000000000000400                _Min_Stack_Size = 0x400

.isr_vector     0x0000000008000000      0x10c
                0x0000000008000000                . = ALIGN (0x4)
 *(.isr_vector)
 .isr_vector    0x0000000008000000      0x10c ./Core/Startup/startup_stm32f103c8tx.o
                0x0000000008000000                g_pfnVectors
                0x000000000800010c                . = ALIGN (0x4)

.text           0x0000000008000110     0xd170
                0x0000000008000110                . = ALIGN (0x4)
 *(.text)
 .text          0x0000000008000110       0x40 c:/st/stm32cubeide_1.7.0/stm32cubeide/plugins/com.st.stm32cube.ide.mcu.externaltools.gnu-tools-for-stm32.10.3-2021.10.win32_1.0.100.202210260954/tools/bin/../lib/gcc/arm-none-eabi/10.3.1/thumb/v7-m/nofp/crtbegin.o
 .text          0x0000000008000150       0x10 c:/st/stm32cubeide_1.7.0/stm32cubeide/plugins/com.st.stm32cube.ide.mcu.externaltools.gnu-tools-for-stm32.10.3-2021.10.win32_1.0.100.202210260954/tools/bin/../lib/gcc/arm-none-eabi/10.3.1/../../../../arm-none-eabi/lib/thumb/v7-m/nofp\libc_nano.a(lib_a-strlen.o)
                0x0000000008000150                strlen
 .text          0x0000000008000160      0x378 c:/st/stm32cubeide_1.7.0/stm32cubeide/plugins/com.st.stm32cube.ide.mcu.externaltools.gnu-tools-for-stm32.10.3-2021.10.win32_1.0.100.202210260954/tools/bin/../lib/gcc/arm-none-eabi/10.3.1/thumb/v7-m/nofp\libgcc.a(_arm_addsubdf3.o)
                0x0000000008000160                __aeabi_drsub
                0x0000000008000168                __aeabi_dsub
                0x0000000008000168                __subdf3
                0x000000000800016c                __aeabi_dadd
                0x000000000800016c                __adddf3
                0x00000000080003e4                __floatunsidf
                0x00000000080003e4                __aeabi_ui2d
                0x0000000008000404                __floatsidf
                0x0000000008000404                __aeabi_i2d
                0x0000000008000428                __aeabi_f2d
                0x0000000008000428                __extendsfdf2
                0x000000000800046c                __floatundidf
                0x000000000800046c                __aeabi_ul2d
                0x000000000800047c                __floatdidf
                0x000000000800047c                __aeabi_l2d
 .text          0x00000000080004d8      0x424 c:/st/stm32cubeide_1.7.0/stm32cubeide/plugins/com.st.stm32cube.ide.mcu.externaltools.gnu-tools-for-stm32.10.3-2021.10.win32_1.0.100.202210260954/tools/bin/../lib/gcc/arm-none-eabi/10.3.1/thumb/v7-m/nofp\libgcc.a(_arm_muldivdf3.o)
                0x00000000080004d8                __aeabi_dmul
                0x00000000080004d8                __muldf3
                0x000000000800072c                __divdf3
                0x000000000800072c                __aeabi_ddiv
 .text          0x00000000080008fc      0x110 c:/st/stm32cubeide_1.7.0/stm32cubeide/plugins/com.st.stm32cube.ide.mcu.externaltools.gnu-tools-for-stm32.10.3-2021.10.win32_1.0.100.202210260954/tools/bin/../lib/gcc/arm-none-eabi/10.3.1/thumb/v7-m/nofp\libgcc.a(_arm_cmpdf2.o)
                0x00000000080008fc                __gtdf2
                0x00000000080008fc                __gedf2
                0x0000000008000904                __ltdf2
                0x0000000008000904                __ledf2
                0x000000000800090c                __nedf2
                0x000000000800090c                __eqdf2
                0x000000000800090c                __cmpdf2
                0x0000000008000988                __aeabi_cdrcmple
                0x0000000008000998                __aeabi_cdcmpeq
                0x0000000008000998                __aeabi_cdcmple
                0x00000000080009a8                __aeabi_dcmpeq
                0x00000000080009bc                __aeabi_dcmplt
                0x00000000080009d0                __aeabi_dcmple
                0x00000000080009e4                __aeabi_dcmpge
                0x00000000080009f8                __aeabi_dcmpgt
 .text          0x0000000008000a0c       0x2c c:/st/stm32cubeide_1.7.0/stm32cubeide/plugins/com.st.stm32cube.ide.mcu.externaltools.gnu-tools-for-stm32.10.3-2021.10.win32_1.0.100.202210260954/tools/bin/../lib/gcc/arm-none-eabi/10.3.1/thumb/v7-m/nofp\libgcc.a(_arm_unorddf2.o)
                0x0000000008000a0c                __unorddf2
                0x0000000008000a0c                __aeabi_dcmpun
 *(.text*)
 .text.main     0x0000000008000a38       0x1e ./Core/Src/main.o
                0x0000000008000a38                main
 .text._Z18SystemClock_Configv
                0x0000000008000a56       0x9e ./Core/Src/main.o
                0x0000000008000a56                SystemClock_Config()
 .text._ZL12MX_TIM1_Initv
                0x0000000008000af4       0xc0 ./Core/Src/main.o
 .text._ZL19MX_USART1_UART_Initv
                0x0000000008000bb4       0x5c ./Core/Src/main.o
 .text._ZL12MX_GPIO_Initv
                0x0000000008000c10      0x148 ./Core/Src/main.o
 .text.Error_Handler
                0x0000000008000d58        0xa ./Core/Src/main.o
                0x0000000008000d58                Error_Handler
 *fill*         0x0000000008000d62        0x2 
 .text.HAL_MspInit
                0x0000000008000d64       0x64 ./Core/Src/stm32f1xx_hal_msp.o
                0x0000000008000d64                HAL_MspInit
 .text.HAL_TIM_Base_MspInit
                0x0000000008000dc8       0x4c ./Core/Src/stm32f1xx_hal_msp.o
                0x0000000008000dc8                HAL_TIM_Base_MspInit
 .text.HAL_UART_MspInit
                0x0000000008000e14       0x98 ./Core/Src/stm32f1xx_hal_msp.o
                0x0000000008000e14                HAL_UART_MspInit
 .text.NMI_Handler
                0x0000000008000eac        0x6 ./Core/Src/stm32f1xx_it.o
                0x0000000008000eac                NMI_Handler
 .text.HardFault_Handler
                0x0000000008000eb2        0x6 ./Core/Src/stm32f1xx_it.o
                0x0000000008000eb2                HardFault_Handler
 .text.MemManage_Handler
                0x0000000008000eb8        0x6 ./Core/Src/stm32f1xx_it.o
                0x0000000008000eb8                MemManage_Handler
 .text.BusFault_Handler
                0x0000000008000ebe        0x6 ./Core/Src/stm32f1xx_it.o
                0x0000000008000ebe                BusFault_Handler
 .text.UsageFault_Handler
                0x0000000008000ec4        0x6 ./Core/Src/stm32f1xx_it.o
                0x0000000008000ec4                UsageFault_Handler
 .text.SVC_Handler
                0x0000000008000eca        0xc ./Core/Src/stm32f1xx_it.o
                0x0000000008000eca                SVC_Handler
 .text.DebugMon_Handler
                0x0000000008000ed6        0xc ./Core/Src/stm32f1xx_it.o
                0x0000000008000ed6                DebugMon_Handler
 .text.PendSV_Handler
                0x0000000008000ee2        0xc ./Core/Src/stm32f1xx_it.o
                0x0000000008000ee2                PendSV_Handler
 .text.SysTick_Handler
                0x0000000008000eee       0x10 ./Core/Src/stm32f1xx_it.o
                0x0000000008000eee                SysTick_Handler
 .text.EXTI4_IRQHandler
                0x0000000008000efe        0xe ./Core/Src/stm32f1xx_it.o
                0x0000000008000efe                EXTI4_IRQHandler
 .text.EXTI9_5_IRQHandler
                0x0000000008000f0c       0x1a ./Core/Src/stm32f1xx_it.o
                0x0000000008000f0c                EXTI9_5_IRQHandler
 *fill*         0x0000000008000f26        0x2 
 .text.TIM1_UP_IRQHandler
                0x0000000008000f28       0x18 ./Core/Src/stm32f1xx_it.o
                0x0000000008000f28                TIM1_UP_IRQHandler
 .text._getpid  0x0000000008000f40        0xe ./Core/Src/syscalls.o
                0x0000000008000f40                _getpid
 .text._kill    0x0000000008000f4e       0x20 ./Core/Src/syscalls.o
                0x0000000008000f4e                _kill
 .text._exit    0x0000000008000f6e       0x14 ./Core/Src/syscalls.o
                0x0000000008000f6e                _exit
 *fill*         0x0000000008000f82        0x2 
 .text._sbrk    0x0000000008000f84       0x6c ./Core/Src/sysmem.o
                0x0000000008000f84                _sbrk
 .text.SystemInit
                0x0000000008000ff0        0xc ./Core/Src/system_stm32f1xx.o
                0x0000000008000ff0                SystemInit
 .text.Reset_Handler
                0x0000000008000ffc       0x48 ./Core/Startup/startup_stm32f103c8tx.o
                0x0000000008000ffc                Reset_Handler
 .text.Default_Handler
                0x0000000008001044        0x2 ./Core/Startup/startup_stm32f103c8tx.o
                0x0000000008001044                RTC_Alarm_IRQHandler
                0x0000000008001044                EXTI2_IRQHandler
                0x0000000008001044                TIM1_CC_IRQHandler
                0x0000000008001044                PVD_IRQHandler
                0x0000000008001044                EXTI3_IRQHandler
                0x0000000008001044                EXTI0_IRQHandler
                0x0000000008001044                I2C2_EV_IRQHandler
                0x0000000008001044                ADC1_2_IRQHandler
                0x0000000008001044                SPI1_IRQHandler
                0x0000000008001044                TAMPER_IRQHandler
                0x0000000008001044                DMA1_Channel4_IRQHandler
                0x0000000008001044                USART3_IRQHandler
                0x0000000008001044                RTC_IRQHandler
                0x0000000008001044                DMA1_Channel7_IRQHandler
                0x0000000008001044                CAN1_RX1_IRQHandler
                0x0000000008001044                TIM4_IRQHandler
                0x0000000008001044                I2C1_EV_IRQHandler
                0x0000000008001044                DMA1_Channel6_IRQHandler
                0x0000000008001044                TIM3_IRQHandler
                0x0000000008001044                RCC_IRQHandler
                0x0000000008001044                TIM1_TRG_COM_IRQHandler
                0x0000000008001044                DMA1_Channel1_IRQHandler
                0x0000000008001044                Default_Handler
                0x0000000008001044                EXTI15_10_IRQHandler
                0x0000000008001044                SPI2_IRQHandler
                0x0000000008001044                DMA1_Channel5_IRQHandler
                0x0000000008001044                USB_LP_CAN1_RX0_IRQHandler
                0x0000000008001044                USB_HP_CAN1_TX_IRQHandler
                0x0000000008001044                DMA1_Channel3_IRQHandler
                0x0000000008001044                WWDG_IRQHandler
                0x0000000008001044                TIM2_IRQHandler
                0x0000000008001044                TIM1_BRK_IRQHandler
                0x0000000008001044                EXTI1_IRQHandler
                0x0000000008001044                USART2_IRQHandler
                0x0000000008001044                I2C2_ER_IRQHandler
                0x0000000008001044                DMA1_Channel2_IRQHandler
                0x0000000008001044                CAN1_SCE_IRQHandler
                0x0000000008001044                FLASH_IRQHandler
                0x0000000008001044                USART1_IRQHandler
                0x0000000008001044                I2C1_ER_IRQHandler
                0x0000000008001044                USBWakeUp_IRQHandler
 *fill*         0x0000000008001046        0x2 
 .text.HAL_Init
                0x0000000008001048       0x2c ./Drivers/STM32F1xx_HAL_Driver/Src/stm32f1xx_hal.o
                0x0000000008001048                HAL_Init
 .text.HAL_InitTick
                0x0000000008001074       0x60 ./Drivers/STM32F1xx_HAL_Driver/Src/stm32f1xx_hal.o
                0x0000000008001074                HAL_InitTick
 .text.HAL_IncTick
                0x00000000080010d4       0x24 ./Drivers/STM32F1xx_HAL_Driver/Src/stm32f1xx_hal.o
                0x00000000080010d4                HAL_IncTick
 .text.HAL_GetTick
                0x00000000080010f8       0x14 ./Drivers/STM32F1xx_HAL_Driver/Src/stm32f1xx_hal.o
                0x00000000080010f8                HAL_GetTick
 .text.HAL_Delay
                0x000000000800110c       0x48 ./Drivers/STM32F1xx_HAL_Driver/Src/stm32f1xx_hal.o
                0x000000000800110c                HAL_Delay
 .text.__NVIC_SetPriorityGrouping
                0x0000000008001154       0x48 ./Drivers/STM32F1xx_HAL_Driver/Src/stm32f1xx_hal_cortex.o
 .text.__NVIC_GetPriorityGrouping
                0x000000000800119c       0x1c ./Drivers/STM32F1xx_HAL_Driver/Src/stm32f1xx_hal_cortex.o
 .text.__NVIC_EnableIRQ
                0x00000000080011b8       0x38 ./Drivers/STM32F1xx_HAL_Driver/Src/stm32f1xx_hal_cortex.o
 .text.__NVIC_SetPriority
                0x00000000080011f0       0x54 ./Drivers/STM32F1xx_HAL_Driver/Src/stm32f1xx_hal_cortex.o
 .text.NVIC_EncodePriority
                0x0000000008001244       0x64 ./Drivers/STM32F1xx_HAL_Driver/Src/stm32f1xx_hal_cortex.o
 .text.SysTick_Config
                0x00000000080012a8       0x44 ./Drivers/STM32F1xx_HAL_Driver/Src/stm32f1xx_hal_cortex.o
 .text.HAL_NVIC_SetPriorityGrouping
                0x00000000080012ec       0x16 ./Drivers/STM32F1xx_HAL_Driver/Src/stm32f1xx_hal_cortex.o
                0x00000000080012ec                HAL_NVIC_SetPriorityGrouping
 .text.HAL_NVIC_SetPriority
                0x0000000008001302       0x38 ./Drivers/STM32F1xx_HAL_Driver/Src/stm32f1xx_hal_cortex.o
                0x0000000008001302                HAL_NVIC_SetPriority
 .text.HAL_NVIC_EnableIRQ
                0x000000000800133a       0x1c ./Drivers/STM32F1xx_HAL_Driver/Src/stm32f1xx_hal_cortex.o
                0x000000000800133a                HAL_NVIC_EnableIRQ
 .text.HAL_SYSTICK_Config
                0x0000000008001356       0x18 ./Drivers/STM32F1xx_HAL_Driver/Src/stm32f1xx_hal_cortex.o
                0x0000000008001356                HAL_SYSTICK_Config
 *fill*         0x000000000800136e        0x2 
 .text.HAL_GPIO_Init
                0x0000000008001370      0x308 ./Drivers/STM32F1xx_HAL_Driver/Src/stm32f1xx_hal_gpio.o
                0x0000000008001370                HAL_GPIO_Init
 .text.HAL_GPIO_ReadPin
                0x0000000008001678       0x2e ./Drivers/STM32F1xx_HAL_Driver/Src/stm32f1xx_hal_gpio.o
                0x0000000008001678                HAL_GPIO_ReadPin
 .text.HAL_GPIO_WritePin
                0x00000000080016a6       0x30 ./Drivers/STM32F1xx_HAL_Driver/Src/stm32f1xx_hal_gpio.o
                0x00000000080016a6                HAL_GPIO_WritePin
 *fill*         0x00000000080016d6        0x2 
 .text.HAL_GPIO_EXTI_IRQHandler
                0x00000000080016d8       0x30 ./Drivers/STM32F1xx_HAL_Driver/Src/stm32f1xx_hal_gpio.o
                0x00000000080016d8                HAL_GPIO_EXTI_IRQHandler
 .text.HAL_RCC_OscConfig
                0x0000000008001708      0x504 ./Drivers/STM32F1xx_HAL_Driver/Src/stm32f1xx_hal_rcc.o
                0x0000000008001708                HAL_RCC_OscConfig
 .text.HAL_RCC_ClockConfig
                0x0000000008001c0c      0x1d4 ./Drivers/STM32F1xx_HAL_Driver/Src/stm32f1xx_hal_rcc.o
                0x0000000008001c0c                HAL_RCC_ClockConfig
 .text.HAL_RCC_GetSysClockFreq
                0x0000000008001de0       0xbc ./Drivers/STM32F1xx_HAL_Driver/Src/stm32f1xx_hal_rcc.o
                0x0000000008001de0                HAL_RCC_GetSysClockFreq
 .text.HAL_RCC_GetHCLKFreq
                0x0000000008001e9c       0x14 ./Drivers/STM32F1xx_HAL_Driver/Src/stm32f1xx_hal_rcc.o
                0x0000000008001e9c                HAL_RCC_GetHCLKFreq
 .text.HAL_RCC_GetPCLK1Freq
                0x0000000008001eb0       0x28 ./Drivers/STM32F1xx_HAL_Driver/Src/stm32f1xx_hal_rcc.o
                0x0000000008001eb0                HAL_RCC_GetPCLK1Freq
 .text.HAL_RCC_GetPCLK2Freq
                0x0000000008001ed8       0x28 ./Drivers/STM32F1xx_HAL_Driver/Src/stm32f1xx_hal_rcc.o
                0x0000000008001ed8                HAL_RCC_GetPCLK2Freq
 .text.RCC_Delay
                0x0000000008001f00       0x3c ./Drivers/STM32F1xx_HAL_Driver/Src/stm32f1xx_hal_rcc.o
 .text.HAL_TIM_Base_Init
                0x0000000008001f3c       0x9e ./Drivers/STM32F1xx_HAL_Driver/Src/stm32f1xx_hal_tim.o
                0x0000000008001f3c                HAL_TIM_Base_Init
 *fill*         0x0000000008001fda        0x2 
 .text.HAL_TIM_Base_Start_IT
                0x0000000008001fdc       0xa4 ./Drivers/STM32F1xx_HAL_Driver/Src/stm32f1xx_hal_tim.o
                0x0000000008001fdc                HAL_TIM_Base_Start_IT
 .text.HAL_TIM_Base_Stop_IT
                0x0000000008002080       0x5c ./Drivers/STM32F1xx_HAL_Driver/Src/stm32f1xx_hal_tim.o
                0x0000000008002080                HAL_TIM_Base_Stop_IT
 .text.HAL_TIM_IRQHandler
                0x00000000080020dc      0x210 ./Drivers/STM32F1xx_HAL_Driver/Src/stm32f1xx_hal_tim.o
                0x00000000080020dc                HAL_TIM_IRQHandler
 .text.HAL_TIM_ConfigClockSource
                0x00000000080022ec      0x188 ./Drivers/STM32F1xx_HAL_Driver/Src/stm32f1xx_hal_tim.o
                0x00000000080022ec                HAL_TIM_ConfigClockSource
 .text.HAL_TIM_PeriodElapsedCallback
                0x0000000008002474       0x12 ./Drivers/STM32F1xx_HAL_Driver/Src/stm32f1xx_hal_tim.o
                0x0000000008002474                HAL_TIM_PeriodElapsedCallback
 .text.HAL_TIM_OC_DelayElapsedCallback
                0x0000000008002486       0x12 ./Drivers/STM32F1xx_HAL_Driver/Src/stm32f1xx_hal_tim.o
                0x0000000008002486                HAL_TIM_OC_DelayElapsedCallback
 .text.HAL_TIM_IC_CaptureCallback
                0x0000000008002498       0x12 ./Drivers/STM32F1xx_HAL_Driver/Src/stm32f1xx_hal_tim.o
                0x0000000008002498                HAL_TIM_IC_CaptureCallback
 .text.HAL_TIM_PWM_PulseFinishedCallback
                0x00000000080024aa       0x12 ./Drivers/STM32F1xx_HAL_Driver/Src/stm32f1xx_hal_tim.o
                0x00000000080024aa                HAL_TIM_PWM_PulseFinishedCallback
 .text.HAL_TIM_TriggerCallback
                0x00000000080024bc       0x12 ./Drivers/STM32F1xx_HAL_Driver/Src/stm32f1xx_hal_tim.o
                0x00000000080024bc                HAL_TIM_TriggerCallback
 *fill*         0x00000000080024ce        0x2 
 .text.TIM_Base_SetConfig
                0x00000000080024d0       0xc4 ./Drivers/STM32F1xx_HAL_Driver/Src/stm32f1xx_hal_tim.o
                0x00000000080024d0                TIM_Base_SetConfig
 .text.TIM_TI1_ConfigInputStage
                0x0000000008002594       0x5c ./Drivers/STM32F1xx_HAL_Driver/Src/stm32f1xx_hal_tim.o
 .text.TIM_TI2_ConfigInputStage
                0x00000000080025f0       0x5e ./Drivers/STM32F1xx_HAL_Driver/Src/stm32f1xx_hal_tim.o
 .text.TIM_ITRx_SetConfig
                0x000000000800264e       0x34 ./Drivers/STM32F1xx_HAL_Driver/Src/stm32f1xx_hal_tim.o
 .text.TIM_ETR_SetConfig
                0x0000000008002682       0x3e ./Drivers/STM32F1xx_HAL_Driver/Src/stm32f1xx_hal_tim.o
                0x0000000008002682                TIM_ETR_SetConfig
 .text.HAL_TIMEx_MasterConfigSynchronization
                0x00000000080026c0       0xbc ./Drivers/STM32F1xx_HAL_Driver/Src/stm32f1xx_hal_tim_ex.o
                0x00000000080026c0                HAL_TIMEx_MasterConfigSynchronization
 .text.HAL_TIMEx_CommutCallback
                0x000000000800277c       0x12 ./Drivers/STM32F1xx_HAL_Driver/Src/stm32f1xx_hal_tim_ex.o
                0x000000000800277c                HAL_TIMEx_CommutCallback
 .text.HAL_TIMEx_BreakCallback
                0x000000000800278e       0x12 ./Drivers/STM32F1xx_HAL_Driver/Src/stm32f1xx_hal_tim_ex.o
                0x000000000800278e                HAL_TIMEx_BreakCallback
 .text.HAL_UART_Init
                0x00000000080027a0       0x9a ./Drivers/STM32F1xx_HAL_Driver/Src/stm32f1xx_hal_uart.o
                0x00000000080027a0                HAL_UART_Init
 *fill*         0x000000000800283a        0x2 
 .text.UART_SetConfig
                0x000000000800283c      0x11c ./Drivers/STM32F1xx_HAL_Driver/Src/stm32f1xx_hal_uart.o
 .text._Z9tft_beginv
                0x0000000008002958       0xa0 ./Modules/Adafruit_GFX/Src/Adafruit_GFX.o
                0x0000000008002958                tft_begin()
 .text._Z14tft_writePixelsst
                0x00000000080029f8       0x2a ./Modules/Adafruit_GFX/Src/Adafruit_GFX.o
                0x00000000080029f8                tft_writePixel(short, short, unsigned short)
 .text._Z18tft_writeFastVLinessst
                0x0000000008002a22       0x38 ./Modules/Adafruit_GFX/Src/Adafruit_GFX.o
                0x0000000008002a22                tft_writeFastVLine(short, short, short, unsigned short)
 .text._Z17tft_writeFillRectsssst
                0x0000000008002a5a       0x40 ./Modules/Adafruit_GFX/Src/Adafruit_GFX.o
                0x0000000008002a5a                tft_writeFillRect(short, short, short, short, unsigned short)
 *fill*         0x0000000008002a9a        0x2 
 .text._Z14tft_fillScreent
                0x0000000008002a9c       0x34 ./Modules/Adafruit_GFX/Src/Adafruit_GFX.o
                0x0000000008002a9c                tft_fillScreen(unsigned short)
 .text._Z20tft_fillCircleHelperssshst
                0x0000000008002ad0      0x162 ./Modules/Adafruit_GFX/Src/Adafruit_GFX.o
                0x0000000008002ad0                tft_fillCircleHelper(short, short, short, unsigned char, short, unsigned short)
 .text._Z17tft_fillRoundRectssssst
                0x0000000008002c32       0xca ./Modules/Adafruit_GFX/Src/Adafruit_GFX.o
                0x0000000008002c32                tft_fillRoundRect(short, short, short, short, short, unsigned short)
 .text._Z12tft_drawCharsshtth
                0x0000000008002cfc      0x37c ./Modules/Adafruit_GFX/Src/Adafruit_GFX.o
                0x0000000008002cfc                tft_drawChar(short, short, unsigned char, unsigned short, unsigned short, unsigned char)
 .text._Z9tft_writeh
                0x0000000008003078      0x24c ./Modules/Adafruit_GFX/Src/Adafruit_GFX.o
                0x0000000008003078                tft_write(unsigned char)
 .text._Z13tft_setCursorss
                0x00000000080032c4       0x30 ./Modules/Adafruit_GFX/Src/Adafruit_GFX.o
                0x00000000080032c4                tft_setCursor(short, short)
 .text._Z15tft_setTextSizeh
                0x00000000080032f4       0x28 ./Modules/Adafruit_GFX/Src/Adafruit_GFX.o
                0x00000000080032f4                tft_setTextSize(unsigned char)
 .text._Z16tft_setTextColort
                0x000000000800331c       0x2c ./Modules/Adafruit_GFX/Src/Adafruit_GFX.o
                0x000000000800331c                tft_setTextColor(unsigned short)
 .text._Z19tft_setTextColor_01tt
                0x0000000008003348       0x30 ./Modules/Adafruit_GFX/Src/Adafruit_GFX.o
                0x0000000008003348                tft_setTextColor_01(unsigned short, unsigned short)
 .text._Z15tft_setRotationh
                0x0000000008003378       0x84 ./Modules/Adafruit_GFX/Src/Adafruit_GFX.o
                0x0000000008003378                tft_setRotation(unsigned char)
 .text._Z11tft_setFontPK7GFXfont
                0x00000000080033fc       0x5c ./Modules/Adafruit_GFX/Src/Adafruit_GFX.o
                0x00000000080033fc                tft_setFont(GFXfont const*)
 .text._Z9tft_printPc
                0x0000000008003458       0x38 ./Modules/Adafruit_GFX/Src/Adafruit_GFX.o
                0x0000000008003458                tft_print(char*)
 .text._Z9tft_printPKc
                0x0000000008003490       0x38 ./Modules/Adafruit_GFX/Src/Adafruit_GFX.o
                0x0000000008003490                tft_print(char const*)
 .text._Z9tft_printi
                0x00000000080034c8       0x1c ./Modules/Adafruit_GFX/Src/Adafruit_GFX.o
                0x00000000080034c8                tft_print(int)
 .text._Z7ts_itoaPPcji
                0x00000000080034e4       0x92 ./Modules/Adafruit_GFX/Src/Adafruit_GFX.o
                0x00000000080034e4                ts_itoa(char**, unsigned int, int)
 *fill*         0x0000000008003576        0x2 
 .text._Z15ts_formatstringPcPKcSt9__va_list
                0x0000000008003578      0x1ac ./Modules/Adafruit_GFX/Src/Adafruit_GFX.o
                0x0000000008003578                ts_formatstring(char*, char const*, std::__va_list)
 .text._Z10tft_printfPKcz
                0x0000000008003724       0x30 ./Modules/Adafruit_GFX/Src/Adafruit_GFX.o
                0x0000000008003724                tft_printf(char const*, ...)
 .text._Z13ili9341_beginv
                0x0000000008003754       0xcc ./Modules/Adafruit_GFX/Src/ILI9341.o
                0x0000000008003754                ili9341_begin()
 .text._Z13ili9341_setLRv
                0x0000000008003820       0x20 ./Modules/Adafruit_GFX/Src/ILI9341.o
                0x0000000008003820                ili9341_setLR()
 .text._Z13ili9341_resetv
                0x0000000008003840       0x38 ./Modules/Adafruit_GFX/Src/ILI9341.o
                0x0000000008003840                ili9341_reset()
 .text._Z13setAddrWindowiiii
                0x0000000008003878       0x4a ./Modules/Adafruit_GFX/Src/ILI9341.o
                0x0000000008003878                setAddrWindow(int, int, int, int)
 *fill*         0x00000000080038c2        0x2 
 .text._Z5floodtm
                0x00000000080038c4      0x398 ./Modules/Adafruit_GFX/Src/ILI9341.o
                0x00000000080038c4                flood(unsigned short, unsigned long)
 .text._Z13drawFastVLinessst
                0x0000000008003c5c       0xc0 ./Modules/Adafruit_GFX/Src/ILI9341.o
                0x0000000008003c5c                drawFastVLine(short, short, short, unsigned short)
 .text._Z8fillRectsssst
                0x0000000008003d1c      0x112 ./Modules/Adafruit_GFX/Src/ILI9341.o
                0x0000000008003d1c                fillRect(short, short, short, short, unsigned short)
 .text._Z9drawPixelsst
                0x0000000008003e2e       0x5a ./Modules/Adafruit_GFX/Src/ILI9341.o
                0x0000000008003e2e                drawPixel(short, short, unsigned short)
 .text._Z11setRotationh
                0x0000000008003e88       0x8c ./Modules/Adafruit_GFX/Src/ILI9341.o
                0x0000000008003e88                setRotation(unsigned char)
 .text._ZL12writeCommandh
                0x0000000008003f14       0x90 ./Modules/Adafruit_GFX/Src/ILI9341.o
 .text._Z6read8_v
                0x0000000008003fa4       0x3c ./Modules/Adafruit_GFX/Src/ILI9341.o
                0x0000000008003fa4                read8_()
 .text._Z9readReg32h
                0x0000000008003fe0       0xbc ./Modules/Adafruit_GFX/Src/ILI9341.o
                0x0000000008003fe0                readReg32(unsigned char)
 .text._Z17writeRegisterPairhht
                0x000000000800409c       0x3a ./Modules/Adafruit_GFX/Src/ILI9341.o
                0x000000000800409c                writeRegisterPair(unsigned char, unsigned char, unsigned short)
 *fill*         0x00000000080040d6        0x2 
 .text._Z14writeRegister8hh
                0x00000000080040d8       0x7c ./Modules/Adafruit_GFX/Src/ILI9341.o
                0x00000000080040d8                writeRegister8(unsigned char, unsigned char)
 .text._Z15writeRegister16tt
                0x0000000008004154       0xac ./Modules/Adafruit_GFX/Src/ILI9341.o
                0x0000000008004154                writeRegister16(unsigned short, unsigned short)
 .text._Z15writeRegister32hm
                0x0000000008004200       0xe4 ./Modules/Adafruit_GFX/Src/ILI9341.o
                0x0000000008004200                writeRegister32(unsigned char, unsigned long)
 .text._Z17Delay_us_Timer_Onv
                0x00000000080042e4       0x18 ./Modules/Adafruit_GFX/Src/delay_us.o
                0x00000000080042e4                Delay_us_Timer_On()
 .text._Z18Delay_us_Timer_Offv
                0x00000000080042fc       0x18 ./Modules/Adafruit_GFX/Src/delay_us.o
                0x00000000080042fc                Delay_us_Timer_Off()
 .text._Z18ISR_Delay_us_Timerv
                0x0000000008004314       0x18 ./Modules/Adafruit_GFX/Src/delay_us.o
                0x0000000008004314                ISR_Delay_us_Timer()
 .text._Z7delayUSt
                0x000000000800432c       0x54 ./Modules/Adafruit_GFX/Src/delay_us.o
                0x000000000800432c                delayUS(unsigned short)
 .text._ZnwjPv  0x0000000008004380       0x16 ./Modules/Buttons/Src/but_controlBlock.o
                0x0000000008004380                operator new(unsigned int, void*)
 .text._ZNSt8__detail17_List_node_headerC2Ev
                0x0000000008004396       0x18 ./Modules/Buttons/Src/but_controlBlock.o
                0x0000000008004396                std::__detail::_List_node_header::_List_node_header()
                0x0000000008004396                std::__detail::_List_node_header::_List_node_header()
 .text._ZNSt8__detail17_List_node_header7_M_initEv
                0x00000000080043ae       0x26 ./Modules/Buttons/Src/but_controlBlock.o
                0x00000000080043ae                std::__detail::_List_node_header::_M_init()
 .text._ZN3but14ButtonCountersC2Ev
                0x00000000080043d4       0x26 ./Modules/Buttons/Src/but_controlBlock.o
                0x00000000080043d4                but::ButtonCounters::ButtonCounters()
                0x00000000080043d4                but::ButtonCounters::ButtonCounters()
 .text._ZN3but13ButtonWrapperC2EP12GPIO_TypeDeft13GPIO_PinState
                0x00000000080043fa       0x66 ./Modules/Buttons/Src/but_controlBlock.o
                0x00000000080043fa                but::ButtonWrapper::ButtonWrapper(GPIO_TypeDef*, unsigned short, GPIO_PinState)
                0x00000000080043fa                but::ButtonWrapper::ButtonWrapper(GPIO_TypeDef*, unsigned short, GPIO_PinState)
 .text._ZNSt7__cxx1110_List_baseIN3but13ButtonWrapperESaIS2_EE10_List_implD2Ev
                0x0000000008004460       0x18 ./Modules/Buttons/Src/but_controlBlock.o
                0x0000000008004460                std::__cxx11::_List_base<but::ButtonWrapper, std::allocator<but::ButtonWrapper> >::_List_impl::~_List_impl()
                0x0000000008004460                std::__cxx11::_List_base<but::ButtonWrapper, std::allocator<but::ButtonWrapper> >::_List_impl::~_List_impl()
 .text._ZNSt7__cxx1110_List_baseIN3but13ButtonWrapperESaIS2_EEC2Ev
                0x0000000008004478       0x1a ./Modules/Buttons/Src/but_controlBlock.o
                0x0000000008004478                std::__cxx11::_List_base<but::ButtonWrapper, std::allocator<but::ButtonWrapper> >::_List_base()
                0x0000000008004478                std::__cxx11::_List_base<but::ButtonWrapper, std::allocator<but::ButtonWrapper> >::_List_base()
 .text._ZNSt7__cxx114listIN3but13ButtonWrapperESaIS2_EEC2Ev
                0x0000000008004492       0x1a ./Modules/Buttons/Src/but_controlBlock.o
                0x0000000008004492                std::__cxx11::list<but::ButtonWrapper, std::allocator<but::ButtonWrapper> >::list()
                0x0000000008004492                std::__cxx11::list<but::ButtonWrapper, std::allocator<but::ButtonWrapper> >::list()
 .text._ZN3but18ButtonControlBlock12CreateButtonEP12GPIO_TypeDeft13GPIO_PinState
                0x00000000080044ac       0x58 ./Modules/Buttons/Src/but_controlBlock.o
                0x00000000080044ac                but::ButtonControlBlock::CreateButton(GPIO_TypeDef*, unsigned short, GPIO_PinState)
 .text._ZN3but18ButtonControlBlock13ButtonHandlerEv
                0x0000000008004504       0xb0 ./Modules/Buttons/Src/but_controlBlock.o
                0x0000000008004504                but::ButtonControlBlock::ButtonHandler()
 .text._ZNSt7__cxx1110_List_baseIN3but13ButtonWrapperESaIS2_EE10_List_implC2Ev
                0x00000000080045b4       0x20 ./Modules/Buttons/Src/but_controlBlock.o
                0x00000000080045b4                std::__cxx11::_List_base<but::ButtonWrapper, std::allocator<but::ButtonWrapper> >::_List_impl::_List_impl()
                0x00000000080045b4                std::__cxx11::_List_base<but::ButtonWrapper, std::allocator<but::ButtonWrapper> >::_List_impl::_List_impl()
 .text._ZNSaISt10_List_nodeIN3but13ButtonWrapperEEED2Ev
                0x00000000080045d4       0x18 ./Modules/Buttons/Src/but_controlBlock.o
                0x00000000080045d4                std::allocator<std::_List_node<but::ButtonWrapper> >::~allocator()
                0x00000000080045d4                std::allocator<std::_List_node<but::ButtonWrapper> >::~allocator()
 .text._ZNSt7__cxx1110_List_baseIN3but13ButtonWrapperESaIS2_EED2Ev
                0x00000000080045ec       0x20 ./Modules/Buttons/Src/but_controlBlock.o
                0x00000000080045ec                std::__cxx11::_List_base<but::ButtonWrapper, std::allocator<but::ButtonWrapper> >::~_List_base()
                0x00000000080045ec                std::__cxx11::_List_base<but::ButtonWrapper, std::allocator<but::ButtonWrapper> >::~_List_base()
 .text._ZNSt7__cxx114listIN3but13ButtonWrapperESaIS2_EE9push_backEOS2_
                0x000000000800460c       0x2c ./Modules/Buttons/Src/but_controlBlock.o
                0x000000000800460c                std::__cxx11::list<but::ButtonWrapper, std::allocator<but::ButtonWrapper> >::push_back(but::ButtonWrapper&&)
 .text._ZNSt7__cxx114listIN3but13ButtonWrapperESaIS2_EE4backEv
                0x0000000008004638       0x30 ./Modules/Buttons/Src/but_controlBlock.o
                0x0000000008004638                std::__cxx11::list<but::ButtonWrapper, std::allocator<but::ButtonWrapper> >::back()
 .text._ZNSt7__cxx114listIN3but13ButtonWrapperESaIS2_EE5beginEv
                0x0000000008004668       0x22 ./Modules/Buttons/Src/but_controlBlock.o
                0x0000000008004668                std::__cxx11::list<but::ButtonWrapper, std::allocator<but::ButtonWrapper> >::begin()
 .text._ZNSt7__cxx114listIN3but13ButtonWrapperESaIS2_EE3endEv
                0x000000000800468a       0x20 ./Modules/Buttons/Src/but_controlBlock.o
                0x000000000800468a                std::__cxx11::list<but::ButtonWrapper, std::allocator<but::ButtonWrapper> >::end()
 .text._ZStneRKSt14_List_iteratorIN3but13ButtonWrapperEES4_
                0x00000000080046aa       0x26 ./Modules/Buttons/Src/but_controlBlock.o
                0x00000000080046aa                std::operator!=(std::_List_iterator<but::ButtonWrapper> const&, std::_List_iterator<but::ButtonWrapper> const&)
 .text._ZNSt14_List_iteratorIN3but13ButtonWrapperEEppEv
                0x00000000080046d0       0x1e ./Modules/Buttons/Src/but_controlBlock.o
                0x00000000080046d0                std::_List_iterator<but::ButtonWrapper>::operator++()
 .text._ZNKSt14_List_iteratorIN3but13ButtonWrapperEEdeEv
                0x00000000080046ee       0x1c ./Modules/Buttons/Src/but_controlBlock.o
                0x00000000080046ee                std::_List_iterator<but::ButtonWrapper>::operator*() const
 .text._ZNSaISt10_List_nodeIN3but13ButtonWrapperEEEC2Ev
                0x000000000800470a       0x18 ./Modules/Buttons/Src/but_controlBlock.o
                0x000000000800470a                std::allocator<std::_List_node<but::ButtonWrapper> >::allocator()
                0x000000000800470a                std::allocator<std::_List_node<but::ButtonWrapper> >::allocator()
 .text._ZN9__gnu_cxx13new_allocatorISt10_List_nodeIN3but13ButtonWrapperEEED2Ev
                0x0000000008004722       0x14 ./Modules/Buttons/Src/but_controlBlock.o
                0x0000000008004722                __gnu_cxx::new_allocator<std::_List_node<but::ButtonWrapper> >::~new_allocator()
                0x0000000008004722                __gnu_cxx::new_allocator<std::_List_node<but::ButtonWrapper> >::~new_allocator()
 .text._ZNSt7__cxx1110_List_baseIN3but13ButtonWrapperESaIS2_EE8_M_clearEv
                0x0000000008004736       0x4a ./Modules/Buttons/Src/but_controlBlock.o
                0x0000000008004736                std::__cxx11::_List_base<but::ButtonWrapper, std::allocator<but::ButtonWrapper> >::_M_clear()
 .text._ZSt4moveIRN3but13ButtonWrapperEEONSt16remove_referenceIT_E4typeEOS4_
                0x0000000008004780       0x14 ./Modules/Buttons/Src/but_controlBlock.o
                0x0000000008004780                std::remove_reference<but::ButtonWrapper&>::type&& std::move<but::ButtonWrapper&>(but::ButtonWrapper&)
 .text._ZNSt7__cxx114listIN3but13ButtonWrapperESaIS2_EE9_M_insertIJS2_EEEvSt14_List_iteratorIS2_EDpOT_
                0x0000000008004794       0x3c ./Modules/Buttons/Src/but_controlBlock.o
                0x0000000008004794                void std::__cxx11::list<but::ButtonWrapper, std::allocator<but::ButtonWrapper> >::_M_insert<but::ButtonWrapper>(std::_List_iterator<but::ButtonWrapper>, but::ButtonWrapper&&)
 .text._ZNSt14_List_iteratorIN3but13ButtonWrapperEEmmEv
                0x00000000080047d0       0x1e ./Modules/Buttons/Src/but_controlBlock.o
                0x00000000080047d0                std::_List_iterator<but::ButtonWrapper>::operator--()
 .text._ZNSt14_List_iteratorIN3but13ButtonWrapperEEC2EPNSt8__detail15_List_node_baseE
                0x00000000080047ee       0x1c ./Modules/Buttons/Src/but_controlBlock.o
                0x00000000080047ee                std::_List_iterator<but::ButtonWrapper>::_List_iterator(std::__detail::_List_node_base*)
                0x00000000080047ee                std::_List_iterator<but::ButtonWrapper>::_List_iterator(std::__detail::_List_node_base*)
 .text._ZNSt10_List_nodeIN3but13ButtonWrapperEE9_M_valptrEv
                0x000000000800480a       0x1c ./Modules/Buttons/Src/but_controlBlock.o
                0x000000000800480a                std::_List_node<but::ButtonWrapper>::_M_valptr()
 .text._ZN9__gnu_cxx13new_allocatorISt10_List_nodeIN3but13ButtonWrapperEEEC2Ev
                0x0000000008004826       0x14 ./Modules/Buttons/Src/but_controlBlock.o
                0x0000000008004826                __gnu_cxx::new_allocator<std::_List_node<but::ButtonWrapper> >::new_allocator()
                0x0000000008004826                __gnu_cxx::new_allocator<std::_List_node<but::ButtonWrapper> >::new_allocator()
 .text._ZNSt7__cxx1110_List_baseIN3but13ButtonWrapperESaIS2_EE21_M_get_Node_allocatorEv
                0x000000000800483a       0x14 ./Modules/Buttons/Src/but_controlBlock.o
                0x000000000800483a                std::__cxx11::_List_base<but::ButtonWrapper, std::allocator<but::ButtonWrapper> >::_M_get_Node_allocator()
 .text._ZNSt16allocator_traitsISaISt10_List_nodeIN3but13ButtonWrapperEEEE7destroyIS2_EEvRS4_PT_
                0x000000000800484e       0x1a ./Modules/Buttons/Src/but_controlBlock.o
                0x000000000800484e                void std::allocator_traits<std::allocator<std::_List_node<but::ButtonWrapper> > >::destroy<but::ButtonWrapper>(std::allocator<std::_List_node<but::ButtonWrapper> >&, but::ButtonWrapper*)
 .text._ZNSt7__cxx1110_List_baseIN3but13ButtonWrapperESaIS2_EE11_M_put_nodeEPSt10_List_nodeIS2_E
                0x0000000008004868       0x1e ./Modules/Buttons/Src/but_controlBlock.o
                0x0000000008004868                std::__cxx11::_List_base<but::ButtonWrapper, std::allocator<but::ButtonWrapper> >::_M_put_node(std::_List_node<but::ButtonWrapper>*)
 .text._ZSt7forwardIN3but13ButtonWrapperEEOT_RNSt16remove_referenceIS2_E4typeE
                0x0000000008004886       0x14 ./Modules/Buttons/Src/but_controlBlock.o
                0x0000000008004886                but::ButtonWrapper&& std::forward<but::ButtonWrapper>(std::remove_reference<but::ButtonWrapper>::type&)
 .text._ZNSt7__cxx114listIN3but13ButtonWrapperESaIS2_EE14_M_create_nodeIJS2_EEEPSt10_List_nodeIS2_EDpOT_
                0x000000000800489a       0x68 ./Modules/Buttons/Src/but_controlBlock.o
                0x000000000800489a                std::_List_node<but::ButtonWrapper>* std::__cxx11::list<but::ButtonWrapper, std::allocator<but::ButtonWrapper> >::_M_create_node<but::ButtonWrapper>(but::ButtonWrapper&&)
 .text._ZNSt7__cxx1110_List_baseIN3but13ButtonWrapperESaIS2_EE11_M_inc_sizeEj
                0x0000000008004902       0x20 ./Modules/Buttons/Src/but_controlBlock.o
                0x0000000008004902                std::__cxx11::_List_base<but::ButtonWrapper, std::allocator<but::ButtonWrapper> >::_M_inc_size(unsigned int)
 .text._ZN9__gnu_cxx16__aligned_membufIN3but13ButtonWrapperEE6_M_ptrEv
                0x0000000008004922       0x18 ./Modules/Buttons/Src/but_controlBlock.o
                0x0000000008004922                __gnu_cxx::__aligned_membuf<but::ButtonWrapper>::_M_ptr()
 .text._ZN9__gnu_cxx13new_allocatorISt10_List_nodeIN3but13ButtonWrapperEEE7destroyIS3_EEvPT_
                0x000000000800493a       0x14 ./Modules/Buttons/Src/but_controlBlock.o
                0x000000000800493a                void __gnu_cxx::new_allocator<std::_List_node<but::ButtonWrapper> >::destroy<but::ButtonWrapper>(but::ButtonWrapper*)
 .text._ZNSt16allocator_traitsISaISt10_List_nodeIN3but13ButtonWrapperEEEE10deallocateERS4_PS3_j
                0x000000000800494e       0x1e ./Modules/Buttons/Src/but_controlBlock.o
                0x000000000800494e                std::allocator_traits<std::allocator<std::_List_node<but::ButtonWrapper> > >::deallocate(std::allocator<std::_List_node<but::ButtonWrapper> >&, std::_List_node<but::ButtonWrapper>*, unsigned int)
 .text._ZNSt7__cxx1110_List_baseIN3but13ButtonWrapperESaIS2_EE11_M_get_nodeEv
                0x000000000800496c       0x1c ./Modules/Buttons/Src/but_controlBlock.o
                0x000000000800496c                std::__cxx11::_List_base<but::ButtonWrapper, std::allocator<but::ButtonWrapper> >::_M_get_node()
 .text._ZNSt15__allocated_ptrISaISt10_List_nodeIN3but13ButtonWrapperEEEEC2ERS4_PS3_
                0x0000000008004988       0x28 ./Modules/Buttons/Src/but_controlBlock.o
                0x0000000008004988                std::__allocated_ptr<std::allocator<std::_List_node<but::ButtonWrapper> > >::__allocated_ptr(std::allocator<std::_List_node<but::ButtonWrapper> >&, std::_List_node<but::ButtonWrapper>*)
                0x0000000008004988                std::__allocated_ptr<std::allocator<std::_List_node<but::ButtonWrapper> > >::__allocated_ptr(std::allocator<std::_List_node<but::ButtonWrapper> >&, std::_List_node<but::ButtonWrapper>*)
 .text._ZNSt15__allocated_ptrISaISt10_List_nodeIN3but13ButtonWrapperEEEED2Ev
                0x00000000080049b0       0x2a ./Modules/Buttons/Src/but_controlBlock.o
                0x00000000080049b0                std::__allocated_ptr<std::allocator<std::_List_node<but::ButtonWrapper> > >::~__allocated_ptr()
                0x00000000080049b0                std::__allocated_ptr<std::allocator<std::_List_node<but::ButtonWrapper> > >::~__allocated_ptr()
 .text._ZNSt16allocator_traitsISaISt10_List_nodeIN3but13ButtonWrapperEEEE9constructIS2_JS2_EEEvRS4_PT_DpOT0_
                0x00000000080049da       0x26 ./Modules/Buttons/Src/but_controlBlock.o
                0x00000000080049da                void std::allocator_traits<std::allocator<std::_List_node<but::ButtonWrapper> > >::construct<but::ButtonWrapper, but::ButtonWrapper>(std::allocator<std::_List_node<but::ButtonWrapper> >&, but::ButtonWrapper*, but::ButtonWrapper&&)
 .text._ZNSt15__allocated_ptrISaISt10_List_nodeIN3but13ButtonWrapperEEEEaSEDn
                0x0000000008004a00       0x1c ./Modules/Buttons/Src/but_controlBlock.o
                0x0000000008004a00                std::__allocated_ptr<std::allocator<std::_List_node<but::ButtonWrapper> > >::operator=(decltype(nullptr))
 .text._ZN9__gnu_cxx16__aligned_membufIN3but13ButtonWrapperEE7_M_addrEv
                0x0000000008004a1c       0x14 ./Modules/Buttons/Src/but_controlBlock.o
                0x0000000008004a1c                __gnu_cxx::__aligned_membuf<but::ButtonWrapper>::_M_addr()
 .text._ZN9__gnu_cxx13new_allocatorISt10_List_nodeIN3but13ButtonWrapperEEE10deallocateEPS4_j
                0x0000000008004a30       0x24 ./Modules/Buttons/Src/but_controlBlock.o
                0x0000000008004a30                __gnu_cxx::new_allocator<std::_List_node<but::ButtonWrapper> >::deallocate(std::_List_node<but::ButtonWrapper>*, unsigned int)
 .text._ZNSt16allocator_traitsISaISt10_List_nodeIN3but13ButtonWrapperEEEE8allocateERS4_j
                0x0000000008004a54       0x1e ./Modules/Buttons/Src/but_controlBlock.o
                0x0000000008004a54                std::allocator_traits<std::allocator<std::_List_node<but::ButtonWrapper> > >::allocate(std::allocator<std::_List_node<but::ButtonWrapper> >&, unsigned int)
 .text._ZSt11__addressofISaISt10_List_nodeIN3but13ButtonWrapperEEEEPT_RS5_
                0x0000000008004a72       0x14 ./Modules/Buttons/Src/but_controlBlock.o
                0x0000000008004a72                std::allocator<std::_List_node<but::ButtonWrapper> >* std::__addressof<std::allocator<std::_List_node<but::ButtonWrapper> > >(std::allocator<std::_List_node<but::ButtonWrapper> >&)
 .text._ZN9__gnu_cxx13new_allocatorISt10_List_nodeIN3but13ButtonWrapperEEE9constructIS3_JS3_EEEvPT_DpOT0_
                0x0000000008004a86       0x3a ./Modules/Buttons/Src/but_controlBlock.o
                0x0000000008004a86                void __gnu_cxx::new_allocator<std::_List_node<but::ButtonWrapper> >::construct<but::ButtonWrapper, but::ButtonWrapper>(but::ButtonWrapper*, but::ButtonWrapper&&)
 .text._ZN9__gnu_cxx13new_allocatorISt10_List_nodeIN3but13ButtonWrapperEEE8allocateEjPKv
                0x0000000008004ac0       0x40 ./Modules/Buttons/Src/but_controlBlock.o
                0x0000000008004ac0                __gnu_cxx::new_allocator<std::_List_node<but::ButtonWrapper> >::allocate(unsigned int, void const*)
 .text._ZNK9__gnu_cxx13new_allocatorISt10_List_nodeIN3but13ButtonWrapperEEE11_M_max_sizeEv
                0x0000000008004b00       0x18 ./Modules/Buttons/Src/but_controlBlock.o
                0x0000000008004b00                __gnu_cxx::new_allocator<std::_List_node<but::ButtonWrapper> >::_M_max_size() const
 .text._ZNSt7__cxx114listIN3but13ButtonWrapperESaIS2_EED2Ev
                0x0000000008004b18       0x1a ./Modules/Buttons/Src/but_controlBlock.o
                0x0000000008004b18                std::__cxx11::list<but::ButtonWrapper, std::allocator<but::ButtonWrapper> >::~list()
                0x0000000008004b18                std::__cxx11::list<but::ButtonWrapper, std::allocator<but::ButtonWrapper> >::~list()
 *fill*         0x0000000008004b32        0x2 
 .text._Z41__static_initialization_and_destruction_0ii
                0x0000000008004b34       0x44 ./Modules/Buttons/Src/but_controlBlock.o
 .text._GLOBAL__sub_I__ZN3but18ButtonControlBlock9myButtonsB5cxx11E
                0x0000000008004b78       0x10 ./Modules/Buttons/Src/but_controlBlock.o
 .text._GLOBAL__sub_D__ZN3but18ButtonControlBlock9myButtonsB5cxx11E
                0x0000000008004b88       0x10 ./Modules/Buttons/Src/but_controlBlock.o
 .text._ZN3but13ButtonWrapper15NevermindHandleEb
                0x0000000008004b98       0x68 ./Modules/Buttons/Src/but_detail.o
                0x0000000008004b98                but::ButtonWrapper::NevermindHandle(bool)
 .text._ZN3but13ButtonWrapper17PressBounceHandleEb
                0x0000000008004c00       0x7e ./Modules/Buttons/Src/but_detail.o
                0x0000000008004c00                but::ButtonWrapper::PressBounceHandle(bool)
 .text._ZN3but13ButtonWrapper15SliceWaitHandleEb
                0x0000000008004c7e       0x88 ./Modules/Buttons/Src/but_detail.o
                0x0000000008004c7e                but::ButtonWrapper::SliceWaitHandle(bool)
 .text._ZN3but13ButtonWrapper19ReleaseBounceHandleEb
                0x0000000008004d06       0x44 ./Modules/Buttons/Src/but_detail.o
                0x0000000008004d06                but::ButtonWrapper::ReleaseBounceHandle(bool)
 .text._ZNK3but13ButtonWrapper12DurationTimeEv
                0x0000000008004d4a       0x1c ./Modules/Buttons/Src/but_detail.o
                0x0000000008004d4a                but::ButtonWrapper::DurationTime() const
 *fill*         0x0000000008004d66        0x2 
 .text._ZNK3but13ButtonWrapper7ReadPinEv
                0x0000000008004d68       0x30 ./Modules/Buttons/Src/but_detail.o
                0x0000000008004d68                but::ButtonWrapper::ReadPin() const
 .text.HAL_GPIO_EXTI_Callback
                0x0000000008004d98       0xa8 ./Modules/Buttons/Src/but_detail.o
                0x0000000008004d98                HAL_GPIO_EXTI_Callback
 .text._Z8MainInitv
                0x0000000008004e40       0x12 ./Modules/Process/Src/MainThread.o
                0x0000000008004e40                MainInit()
 .text._Z11AboutChoicev
                0x0000000008004e52        0xc ./Modules/Process/Src/MainThread.o
                0x0000000008004e52                AboutChoice()
 *fill*         0x0000000008004e5e        0x2 
 .text._Z18PrintMenuInterfacev
                0x0000000008004e60       0x80 ./Modules/Process/Src/MainThread.o
                0x0000000008004e60                PrintMenuInterface()
 .text._Z11PrintButtonPFvvEt
                0x0000000008004ee0       0xcc ./Modules/Process/Src/MainThread.o
                0x0000000008004ee0                PrintButton(void (*)(), unsigned short)
 .text._Z11МenuChoicePPFvvE
                0x0000000008004fac       0xec ./Modules/Process/Src/MainThread.o
                0x0000000008004fac                МenuChoice(void (**)())
 .text._Z10MainThreadv
                0x0000000008005098       0x1c ./Modules/Process/Src/MainThread.o
                0x0000000008005098                MainThread()
 .text._Z19computeTimeDurationm
                0x00000000080050b4       0x1a ./Modules/Process/Src/MainThread.o
                0x00000000080050b4                computeTimeDuration(unsigned long)
 *fill*         0x00000000080050ce        0x2 
 .text._Z41__static_initialization_and_destruction_0ii
                0x00000000080050d0       0x78 ./Modules/Process/Src/MainThread.o
 .text._GLOBAL__sub_I_but1
                0x0000000008005148       0x10 ./Modules/Process/Src/MainThread.o
 .text._ZN10CoordinateC2Ell
                0x0000000008005158       0x24 ./Modules/Snake/Src/SnakeLogic.o
                0x0000000008005158                Coordinate::Coordinate(long, long)
                0x0000000008005158                Coordinate::Coordinate(long, long)
 .text._ZN5snake9SnakeNodeC2E10Coordinatet
                0x000000000800517c       0x30 ./Modules/Snake/Src/SnakeLogic.o
                0x000000000800517c                snake::SnakeNode::SnakeNode(Coordinate, unsigned short)
                0x000000000800517c                snake::SnakeNode::SnakeNode(Coordinate, unsigned short)
 .text._ZN5snake12ClassicSnake7PromoteER10Coordinate
                0x00000000080051ac       0x64 ./Modules/Snake/Src/SnakeLogic.o
                0x00000000080051ac                snake::ClassicSnake::Promote(Coordinate&)
 .text._ZN5snake12ClassicSnake15CheckBoundariesER10Coordinate
                0x0000000008005210       0x74 ./Modules/Snake/Src/SnakeLogic.o
                0x0000000008005210                snake::ClassicSnake::CheckBoundaries(Coordinate&)
 .text._ZN5snake9SnakeNodeC2Ev
                0x0000000008005284       0x22 ./Modules/Snake/Src/SnakeLogic.o
                0x0000000008005284                snake::SnakeNode::SnakeNode()
                0x0000000008005284                snake::SnakeNode::SnakeNode()
 .text._ZNSt7__cxx1110_List_baseIN5snake9SnakeNodeESaIS2_EEC2Ev
                0x00000000080052a6       0x1a ./Modules/Snake/Src/SnakeLogic.o
                0x00000000080052a6                std::__cxx11::_List_base<snake::SnakeNode, std::allocator<snake::SnakeNode> >::_List_base()
                0x00000000080052a6                std::__cxx11::_List_base<snake::SnakeNode, std::allocator<snake::SnakeNode> >::_List_base()
 .text._ZNSt7__cxx114listIN5snake9SnakeNodeESaIS2_EEC2Ev
                0x00000000080052c0       0x1a ./Modules/Snake/Src/SnakeLogic.o
                0x00000000080052c0                std::__cxx11::list<snake::SnakeNode, std::allocator<snake::SnakeNode> >::list()
                0x00000000080052c0                std::__cxx11::list<snake::SnakeNode, std::allocator<snake::SnakeNode> >::list()
 .text._ZN5snake12ClassicSnakeC2E10CoordinateS1_tttt
                0x00000000080052da      0x13a ./Modules/Snake/Src/SnakeLogic.o
                0x00000000080052da                snake::ClassicSnake::ClassicSnake(Coordinate, Coordinate, unsigned short, unsigned short, unsigned short, unsigned short)
                0x00000000080052da                snake::ClassicSnake::ClassicSnake(Coordinate, Coordinate, unsigned short, unsigned short, unsigned short, unsigned short)
 .text._ZN5snake12ClassicSnake4MoveEv
                0x0000000008005414      0x10a ./Modules/Snake/Src/SnakeLogic.o
                0x0000000008005414                snake::ClassicSnake::Move()
 .text._ZN5snake12ClassicSnake12AddNodeToEndEv
                0x000000000800551e       0x60 ./Modules/Snake/Src/SnakeLogic.o
                0x000000000800551e                snake::ClassicSnake::AddNodeToEnd()
 .text._ZN5snake12ClassicSnake12NewDirectionENS_10directionsE
                0x000000000800557e       0x1c ./Modules/Snake/Src/SnakeLogic.o
                0x000000000800557e                snake::ClassicSnake::NewDirection(snake::directions)
 .text._ZNK5snake12ClassicSnake19CheckSnakeCollisionERKNS_9SnakeNodeE
                0x000000000800559a       0x58 ./Modules/Snake/Src/SnakeLogic.o
                0x000000000800559a                snake::ClassicSnake::CheckSnakeCollision(snake::SnakeNode const&) const
 *fill*         0x00000000080055f2        0x2 
 .text._ZN5snake12ClassicSnake16GenerateNewFruitEv
                0x00000000080055f4       0x78 ./Modules/Snake/Src/SnakeLogic.o
                0x00000000080055f4                snake::ClassicSnake::GenerateNewFruit()
 .text._ZN5snake12ClassicSnake10CheckFruitEv
                0x000000000800566c       0x4c ./Modules/Snake/Src/SnakeLogic.o
                0x000000000800566c                snake::ClassicSnake::CheckFruit()
 .text._ZNSt7__cxx1110_List_baseIN5snake9SnakeNodeESaIS2_EE10_List_implC2Ev
                0x00000000080056b8       0x20 ./Modules/Snake/Src/SnakeLogic.o
                0x00000000080056b8                std::__cxx11::_List_base<snake::SnakeNode, std::allocator<snake::SnakeNode> >::_List_impl::_List_impl()
                0x00000000080056b8                std::__cxx11::_List_base<snake::SnakeNode, std::allocator<snake::SnakeNode> >::_List_impl::_List_impl()
 .text._ZNSt7__cxx114listIN5snake9SnakeNodeESaIS2_EE10push_frontEOS2_
                0x00000000080056d8       0x2c ./Modules/Snake/Src/SnakeLogic.o
                0x00000000080056d8                std::__cxx11::list<snake::SnakeNode, std::allocator<snake::SnakeNode> >::push_front(snake::SnakeNode&&)
 .text._ZNSt7__cxx114listIN5snake9SnakeNodeESaIS2_EE5beginEv
                0x0000000008005704       0x22 ./Modules/Snake/Src/SnakeLogic.o
                0x0000000008005704                std::__cxx11::list<snake::SnakeNode, std::allocator<snake::SnakeNode> >::begin()
 .text._ZNSt14_List_iteratorIN5snake9SnakeNodeEEppEv
                0x0000000008005726       0x1e ./Modules/Snake/Src/SnakeLogic.o
                0x0000000008005726                std::_List_iterator<snake::SnakeNode>::operator++()
 .text._ZNKSt14_List_iteratorIN5snake9SnakeNodeEEdeEv
                0x0000000008005744       0x1c ./Modules/Snake/Src/SnakeLogic.o
                0x0000000008005744                std::_List_iterator<snake::SnakeNode>::operator*() const
 .text._ZNSt20_List_const_iteratorIN5snake9SnakeNodeEEC2ERKSt14_List_iteratorIS1_E
                0x0000000008005760       0x1e ./Modules/Snake/Src/SnakeLogic.o
                0x0000000008005760                std::_List_const_iterator<snake::SnakeNode>::_List_const_iterator(std::_List_iterator<snake::SnakeNode> const&)
                0x0000000008005760                std::_List_const_iterator<snake::SnakeNode>::_List_const_iterator(std::_List_iterator<snake::SnakeNode> const&)
 .text._ZNSt7__cxx114listIN5snake9SnakeNodeESaIS2_EE5eraseESt20_List_const_iteratorIS2_E
                0x000000000800577e       0x36 ./Modules/Snake/Src/SnakeLogic.o
                0x000000000800577e                std::__cxx11::list<snake::SnakeNode, std::allocator<snake::SnakeNode> >::erase(std::_List_const_iterator<snake::SnakeNode>)
 .text._ZNSt7__cxx114listIN5snake9SnakeNodeESaIS2_EE5frontEv
                0x00000000080057b4       0x26 ./Modules/Snake/Src/SnakeLogic.o
                0x00000000080057b4                std::__cxx11::list<snake::SnakeNode, std::allocator<snake::SnakeNode> >::front()
 .text._ZNSt7__cxx114listIN5snake9SnakeNodeESaIS2_EE4backEv
                0x00000000080057da       0x30 ./Modules/Snake/Src/SnakeLogic.o
                0x00000000080057da                std::__cxx11::list<snake::SnakeNode, std::allocator<snake::SnakeNode> >::back()
 .text._ZNSt7__cxx114listIN5snake9SnakeNodeESaIS2_EE3endEv
                0x000000000800580a       0x20 ./Modules/Snake/Src/SnakeLogic.o
                0x000000000800580a                std::__cxx11::list<snake::SnakeNode, std::allocator<snake::SnakeNode> >::end()
 .text._ZNSt14_List_iteratorIN5snake9SnakeNodeEEmmEv
                0x000000000800582a       0x1e ./Modules/Snake/Src/SnakeLogic.o
                0x000000000800582a                std::_List_iterator<snake::SnakeNode>::operator--()
 .text._ZNSt7__cxx114listIN5snake9SnakeNodeESaIS2_EE7emplaceIJR10CoordinateRtEEESt14_List_iteratorIS2_ESt20_List_const_iteratorIS2_EDpOT_
                0x0000000008005848       0x60 ./Modules/Snake/Src/SnakeLogic.o
                0x0000000008005848                std::_List_iterator<snake::SnakeNode> std::__cxx11::list<snake::SnakeNode, std::allocator<snake::SnakeNode> >::emplace<Coordinate&, unsigned short&>(std::_List_const_iterator<snake::SnakeNode>, Coordinate&, unsigned short&)
 .text._ZNSt7__cxx114listIN5snake9SnakeNodeESaIS2_EE7emplaceIJ10CoordinateRtEEESt14_List_iteratorIS2_ESt20_List_const_iteratorIS2_EDpOT_
                0x00000000080058a8       0x60 ./Modules/Snake/Src/SnakeLogic.o
                0x00000000080058a8                std::_List_iterator<snake::SnakeNode> std::__cxx11::list<snake::SnakeNode, std::allocator<snake::SnakeNode> >::emplace<Coordinate, unsigned short&>(std::_List_const_iterator<snake::SnakeNode>, Coordinate&&, unsigned short&)
 .text._ZNKSt7__cxx114listIN5snake9SnakeNodeESaIS2_EE5beginEv
                0x0000000008005908       0x22 ./Modules/Snake/Src/SnakeLogic.o
                0x0000000008005908                std::__cxx11::list<snake::SnakeNode, std::allocator<snake::SnakeNode> >::begin() const
 .text._ZNSt20_List_const_iteratorIN5snake9SnakeNodeEEppEv
                0x000000000800592a       0x1e ./Modules/Snake/Src/SnakeLogic.o
                0x000000000800592a                std::_List_const_iterator<snake::SnakeNode>::operator++()
 .text._ZNKSt7__cxx114listIN5snake9SnakeNodeESaIS2_EE3endEv
                0x0000000008005948       0x20 ./Modules/Snake/Src/SnakeLogic.o
                0x0000000008005948                std::__cxx11::list<snake::SnakeNode, std::allocator<snake::SnakeNode> >::end() const
 .text._ZNSt20_List_const_iteratorIN5snake9SnakeNodeEEmmEv
                0x0000000008005968       0x1e ./Modules/Snake/Src/SnakeLogic.o
                0x0000000008005968                std::_List_const_iterator<snake::SnakeNode>::operator--()
 .text._ZSt7none_ofISt20_List_const_iteratorIN5snake9SnakeNodeEEZNKS1_12ClassicSnake19CheckSnakeCollisionERKS2_EUlRT_E_EbS7_S7_T0_
                0x0000000008005986       0x34 ./Modules/Snake/Src/SnakeLogic.o
 .text._ZNSt7__cxx114listIN5snake9SnakeNodeESaIS2_EE6rbeginEv
                0x00000000080059ba       0x22 ./Modules/Snake/Src/SnakeLogic.o
                0x00000000080059ba                std::__cxx11::list<snake::SnakeNode, std::allocator<snake::SnakeNode> >::rbegin()
 .text._ZNKSt16reverse_iteratorISt14_List_iteratorIN5snake9SnakeNodeEEEdeEv
                0x00000000080059dc       0x2a ./Modules/Snake/Src/SnakeLogic.o
                0x00000000080059dc                std::reverse_iterator<std::_List_iterator<snake::SnakeNode> >::operator*() const
 .text._ZNKSt7__cxx114listIN5snake9SnakeNodeESaIS2_EE4sizeEv
                0x0000000008005a06       0x18 ./Modules/Snake/Src/SnakeLogic.o
                0x0000000008005a06                std::__cxx11::list<snake::SnakeNode, std::allocator<snake::SnakeNode> >::size() const
 .text._ZNSaISt10_List_nodeIN5snake9SnakeNodeEEEC2Ev
                0x0000000008005a1e       0x18 ./Modules/Snake/Src/SnakeLogic.o
                0x0000000008005a1e                std::allocator<std::_List_node<snake::SnakeNode> >::allocator()
                0x0000000008005a1e                std::allocator<std::_List_node<snake::SnakeNode> >::allocator()
 .text._ZSt4moveIRN5snake9SnakeNodeEEONSt16remove_referenceIT_E4typeEOS4_
                0x0000000008005a36       0x14 ./Modules/Snake/Src/SnakeLogic.o
                0x0000000008005a36                std::remove_reference<snake::SnakeNode&>::type&& std::move<snake::SnakeNode&>(snake::SnakeNode&)
 .text._ZNSt7__cxx114listIN5snake9SnakeNodeESaIS2_EE9_M_insertIJS2_EEEvSt14_List_iteratorIS2_EDpOT_
                0x0000000008005a4a       0x3c ./Modules/Snake/Src/SnakeLogic.o
                0x0000000008005a4a                void std::__cxx11::list<snake::SnakeNode, std::allocator<snake::SnakeNode> >::_M_insert<snake::SnakeNode>(std::_List_iterator<snake::SnakeNode>, snake::SnakeNode&&)
 .text._ZNSt14_List_iteratorIN5snake9SnakeNodeEEC2EPNSt8__detail15_List_node_baseE
                0x0000000008005a86       0x1c ./Modules/Snake/Src/SnakeLogic.o
                0x0000000008005a86                std::_List_iterator<snake::SnakeNode>::_List_iterator(std::__detail::_List_node_base*)
                0x0000000008005a86                std::_List_iterator<snake::SnakeNode>::_List_iterator(std::__detail::_List_node_base*)
 .text._ZNSt10_List_nodeIN5snake9SnakeNodeEE9_M_valptrEv
                0x0000000008005aa2       0x1c ./Modules/Snake/Src/SnakeLogic.o
                0x0000000008005aa2                std::_List_node<snake::SnakeNode>::_M_valptr()
 .text._ZNSt7__cxx114listIN5snake9SnakeNodeESaIS2_EE8_M_eraseESt14_List_iteratorIS2_E
                0x0000000008005abe       0x4c ./Modules/Snake/Src/SnakeLogic.o
                0x0000000008005abe                std::__cxx11::list<snake::SnakeNode, std::allocator<snake::SnakeNode> >::_M_erase(std::_List_iterator<snake::SnakeNode>)
 .text._ZNKSt20_List_const_iteratorIN5snake9SnakeNodeEE13_M_const_castEv
                0x0000000008005b0a       0x22 ./Modules/Snake/Src/SnakeLogic.o
                0x0000000008005b0a                std::_List_const_iterator<snake::SnakeNode>::_M_const_cast() const
 .text._ZSt7forwardIR10CoordinateEOT_RNSt16remove_referenceIS2_E4typeE
                0x0000000008005b2c       0x14 ./Modules/Snake/Src/SnakeLogic.o
                0x0000000008005b2c                Coordinate& std::forward<Coordinate&>(std::remove_reference<Coordinate&>::type&)
 .text._ZSt7forwardIRtEOT_RNSt16remove_referenceIS1_E4typeE
                0x0000000008005b40       0x14 ./Modules/Snake/Src/SnakeLogic.o
                0x0000000008005b40                unsigned short& std::forward<unsigned short&>(std::remove_reference<unsigned short&>::type&)
 .text._ZNSt7__cxx114listIN5snake9SnakeNodeESaIS2_EE14_M_create_nodeIJR10CoordinateRtEEEPSt10_List_nodeIS2_EDpOT_
                0x0000000008005b54       0x72 ./Modules/Snake/Src/SnakeLogic.o
                0x0000000008005b54                std::_List_node<snake::SnakeNode>* std::__cxx11::list<snake::SnakeNode, std::allocator<snake::SnakeNode> >::_M_create_node<Coordinate&, unsigned short&>(Coordinate&, unsigned short&)
 .text._ZNSt7__cxx1110_List_baseIN5snake9SnakeNodeESaIS2_EE11_M_inc_sizeEj
                0x0000000008005bc6       0x20 ./Modules/Snake/Src/SnakeLogic.o
                0x0000000008005bc6                std::__cxx11::_List_base<snake::SnakeNode, std::allocator<snake::SnakeNode> >::_M_inc_size(unsigned int)
 .text._ZSt7forwardI10CoordinateEOT_RNSt16remove_referenceIS1_E4typeE
                0x0000000008005be6       0x14 ./Modules/Snake/Src/SnakeLogic.o
                0x0000000008005be6                Coordinate&& std::forward<Coordinate>(std::remove_reference<Coordinate>::type&)
 .text._ZNSt7__cxx114listIN5snake9SnakeNodeESaIS2_EE14_M_create_nodeIJ10CoordinateRtEEEPSt10_List_nodeIS2_EDpOT_
                0x0000000008005bfa       0x72 ./Modules/Snake/Src/SnakeLogic.o
                0x0000000008005bfa                std::_List_node<snake::SnakeNode>* std::__cxx11::list<snake::SnakeNode, std::allocator<snake::SnakeNode> >::_M_create_node<Coordinate, unsigned short&>(Coordinate&&, unsigned short&)
 .text._ZNSt20_List_const_iteratorIN5snake9SnakeNodeEEC2EPKNSt8__detail15_List_node_baseE
                0x0000000008005c6c       0x1c ./Modules/Snake/Src/SnakeLogic.o
                0x0000000008005c6c                std::_List_const_iterator<snake::SnakeNode>::_List_const_iterator(std::__detail::_List_node_base const*)
                0x0000000008005c6c                std::_List_const_iterator<snake::SnakeNode>::_List_const_iterator(std::__detail::_List_node_base const*)
 .text._ZSt7find_ifISt20_List_const_iteratorIN5snake9SnakeNodeEEZNKS1_12ClassicSnake19CheckSnakeCollisionERKS2_EUlRT_E_ES7_S7_S7_T0_
                0x0000000008005c88       0x28 ./Modules/Snake/Src/SnakeLogic.o
 .text._ZSteqRKSt20_List_const_iteratorIN5snake9SnakeNodeEES4_
                0x0000000008005cb0       0x26 ./Modules/Snake/Src/SnakeLogic.o
                0x0000000008005cb0                std::operator==(std::_List_const_iterator<snake::SnakeNode> const&, std::_List_const_iterator<snake::SnakeNode> const&)
 .text._ZNSt16reverse_iteratorISt14_List_iteratorIN5snake9SnakeNodeEEEC2ES3_
                0x0000000008005cd6       0x1c ./Modules/Snake/Src/SnakeLogic.o
                0x0000000008005cd6                std::reverse_iterator<std::_List_iterator<snake::SnakeNode> >::reverse_iterator(std::_List_iterator<snake::SnakeNode>)
                0x0000000008005cd6                std::reverse_iterator<std::_List_iterator<snake::SnakeNode> >::reverse_iterator(std::_List_iterator<snake::SnakeNode>)
 .text._ZNKSt7__cxx114listIN5snake9SnakeNodeESaIS2_EE13_M_node_countEv
                0x0000000008005cf2       0x1a ./Modules/Snake/Src/SnakeLogic.o
                0x0000000008005cf2                std::__cxx11::list<snake::SnakeNode, std::allocator<snake::SnakeNode> >::_M_node_count() const
 .text._ZN9__gnu_cxx13new_allocatorISt10_List_nodeIN5snake9SnakeNodeEEEC2Ev
                0x0000000008005d0c       0x14 ./Modules/Snake/Src/SnakeLogic.o
                0x0000000008005d0c                __gnu_cxx::new_allocator<std::_List_node<snake::SnakeNode> >::new_allocator()
                0x0000000008005d0c                __gnu_cxx::new_allocator<std::_List_node<snake::SnakeNode> >::new_allocator()
 .text._ZNSt7__cxx1110_List_baseIN5snake9SnakeNodeESaIS2_EE21_M_get_Node_allocatorEv
                0x0000000008005d20       0x14 ./Modules/Snake/Src/SnakeLogic.o
                0x0000000008005d20                std::__cxx11::_List_base<snake::SnakeNode, std::allocator<snake::SnakeNode> >::_M_get_Node_allocator()
 .text._ZNSt16allocator_traitsISaISt10_List_nodeIN5snake9SnakeNodeEEEE7destroyIS2_EEvRS4_PT_
                0x0000000008005d34       0x1a ./Modules/Snake/Src/SnakeLogic.o
                0x0000000008005d34                void std::allocator_traits<std::allocator<std::_List_node<snake::SnakeNode> > >::destroy<snake::SnakeNode>(std::allocator<std::_List_node<snake::SnakeNode> >&, snake::SnakeNode*)
 .text._ZNSt7__cxx1110_List_baseIN5snake9SnakeNodeESaIS2_EE11_M_put_nodeEPSt10_List_nodeIS2_E
                0x0000000008005d4e       0x1e ./Modules/Snake/Src/SnakeLogic.o
                0x0000000008005d4e                std::__cxx11::_List_base<snake::SnakeNode, std::allocator<snake::SnakeNode> >::_M_put_node(std::_List_node<snake::SnakeNode>*)
 .text._ZSt7forwardIN5snake9SnakeNodeEEOT_RNSt16remove_referenceIS2_E4typeE
                0x0000000008005d6c       0x14 ./Modules/Snake/Src/SnakeLogic.o
                0x0000000008005d6c                snake::SnakeNode&& std::forward<snake::SnakeNode>(std::remove_reference<snake::SnakeNode>::type&)
 .text._ZNSt7__cxx114listIN5snake9SnakeNodeESaIS2_EE14_M_create_nodeIJS2_EEEPSt10_List_nodeIS2_EDpOT_
                0x0000000008005d80       0x68 ./Modules/Snake/Src/SnakeLogic.o
                0x0000000008005d80                std::_List_node<snake::SnakeNode>* std::__cxx11::list<snake::SnakeNode, std::allocator<snake::SnakeNode> >::_M_create_node<snake::SnakeNode>(snake::SnakeNode&&)
 .text._ZN9__gnu_cxx16__aligned_membufIN5snake9SnakeNodeEE6_M_ptrEv
                0x0000000008005de8       0x18 ./Modules/Snake/Src/SnakeLogic.o
                0x0000000008005de8                __gnu_cxx::__aligned_membuf<snake::SnakeNode>::_M_ptr()
 .text._ZNSt7__cxx1110_List_baseIN5snake9SnakeNodeESaIS2_EE11_M_dec_sizeEj
                0x0000000008005e00       0x20 ./Modules/Snake/Src/SnakeLogic.o
                0x0000000008005e00                std::__cxx11::_List_base<snake::SnakeNode, std::allocator<snake::SnakeNode> >::_M_dec_size(unsigned int)
 .text._ZNSt7__cxx1110_List_baseIN5snake9SnakeNodeESaIS2_EE11_M_get_nodeEv
                0x0000000008005e20       0x1c ./Modules/Snake/Src/SnakeLogic.o
                0x0000000008005e20                std::__cxx11::_List_base<snake::SnakeNode, std::allocator<snake::SnakeNode> >::_M_get_node()
 .text._ZNSt15__allocated_ptrISaISt10_List_nodeIN5snake9SnakeNodeEEEEC2ERS4_PS3_
                0x0000000008005e3c       0x28 ./Modules/Snake/Src/SnakeLogic.o
                0x0000000008005e3c                std::__allocated_ptr<std::allocator<std::_List_node<snake::SnakeNode> > >::__allocated_ptr(std::allocator<std::_List_node<snake::SnakeNode> >&, std::_List_node<snake::SnakeNode>*)
                0x0000000008005e3c                std::__allocated_ptr<std::allocator<std::_List_node<snake::SnakeNode> > >::__allocated_ptr(std::allocator<std::_List_node<snake::SnakeNode> >&, std::_List_node<snake::SnakeNode>*)
 .text._ZNSt15__allocated_ptrISaISt10_List_nodeIN5snake9SnakeNodeEEEED2Ev
                0x0000000008005e64       0x2a ./Modules/Snake/Src/SnakeLogic.o
                0x0000000008005e64                std::__allocated_ptr<std::allocator<std::_List_node<snake::SnakeNode> > >::~__allocated_ptr()
                0x0000000008005e64                std::__allocated_ptr<std::allocator<std::_List_node<snake::SnakeNode> > >::~__allocated_ptr()
 .text._ZNSt16allocator_traitsISaISt10_List_nodeIN5snake9SnakeNodeEEEE9constructIS2_JR10CoordinateRtEEEvRS4_PT_DpOT0_
                0x0000000008005e8e       0x30 ./Modules/Snake/Src/SnakeLogic.o
                0x0000000008005e8e                void std::allocator_traits<std::allocator<std::_List_node<snake::SnakeNode> > >::construct<snake::SnakeNode, Coordinate&, unsigned short&>(std::allocator<std::_List_node<snake::SnakeNode> >&, snake::SnakeNode*, Coordinate&, unsigned short&)
 .text._ZNSt15__allocated_ptrISaISt10_List_nodeIN5snake9SnakeNodeEEEEaSEDn
                0x0000000008005ebe       0x1c ./Modules/Snake/Src/SnakeLogic.o
                0x0000000008005ebe                std::__allocated_ptr<std::allocator<std::_List_node<snake::SnakeNode> > >::operator=(decltype(nullptr))
 .text._ZNSt16allocator_traitsISaISt10_List_nodeIN5snake9SnakeNodeEEEE9constructIS2_J10CoordinateRtEEEvRS4_PT_DpOT0_
                0x0000000008005eda       0x30 ./Modules/Snake/Src/SnakeLogic.o
                0x0000000008005eda                void std::allocator_traits<std::allocator<std::_List_node<snake::SnakeNode> > >::construct<snake::SnakeNode, Coordinate, unsigned short&>(std::allocator<std::_List_node<snake::SnakeNode> >&, snake::SnakeNode*, Coordinate&&, unsigned short&)
 .text._ZN9__gnu_cxx5__ops11__pred_iterIZNK5snake12ClassicSnake19CheckSnakeCollisionERKNS2_9SnakeNodeEEUlRT_E_EENS0_10_Iter_predIS7_EES7_
                0x0000000008005f0a       0x28 ./Modules/Snake/Src/SnakeLogic.o
 .text._ZSt9__find_ifISt20_List_const_iteratorIN5snake9SnakeNodeEEN9__gnu_cxx5__ops10_Iter_predIZNKS1_12ClassicSnake19CheckSnakeCollisionERKS2_EUlRT_E_EEESA_SA_SA_T0_
                0x0000000008005f32       0x2c ./Modules/Snake/Src/SnakeLogic.o
 .text._ZNKSt7__cxx1110_List_baseIN5snake9SnakeNodeESaIS2_EE11_M_get_sizeEv
                0x0000000008005f5e       0x16 ./Modules/Snake/Src/SnakeLogic.o
                0x0000000008005f5e                std::__cxx11::_List_base<snake::SnakeNode, std::allocator<snake::SnakeNode> >::_M_get_size() const
 .text._ZN9__gnu_cxx13new_allocatorISt10_List_nodeIN5snake9SnakeNodeEEE7destroyIS3_EEvPT_
                0x0000000008005f74       0x14 ./Modules/Snake/Src/SnakeLogic.o
                0x0000000008005f74                void __gnu_cxx::new_allocator<std::_List_node<snake::SnakeNode> >::destroy<snake::SnakeNode>(snake::SnakeNode*)
 .text._ZNSt16allocator_traitsISaISt10_List_nodeIN5snake9SnakeNodeEEEE10deallocateERS4_PS3_j
                0x0000000008005f88       0x1e ./Modules/Snake/Src/SnakeLogic.o
                0x0000000008005f88                std::allocator_traits<std::allocator<std::_List_node<snake::SnakeNode> > >::deallocate(std::allocator<std::_List_node<snake::SnakeNode> >&, std::_List_node<snake::SnakeNode>*, unsigned int)
 .text._ZNSt16allocator_traitsISaISt10_List_nodeIN5snake9SnakeNodeEEEE9constructIS2_JS2_EEEvRS4_PT_DpOT0_
                0x0000000008005fa6       0x26 ./Modules/Snake/Src/SnakeLogic.o
                0x0000000008005fa6                void std::allocator_traits<std::allocator<std::_List_node<snake::SnakeNode> > >::construct<snake::SnakeNode, snake::SnakeNode>(std::allocator<std::_List_node<snake::SnakeNode> >&, snake::SnakeNode*, snake::SnakeNode&&)
 .text._ZN9__gnu_cxx16__aligned_membufIN5snake9SnakeNodeEE7_M_addrEv
                0x0000000008005fcc       0x14 ./Modules/Snake/Src/SnakeLogic.o
                0x0000000008005fcc                __gnu_cxx::__aligned_membuf<snake::SnakeNode>::_M_addr()
 .text._ZNSt16allocator_traitsISaISt10_List_nodeIN5snake9SnakeNodeEEEE8allocateERS4_j
                0x0000000008005fe0       0x1e ./Modules/Snake/Src/SnakeLogic.o
                0x0000000008005fe0                std::allocator_traits<std::allocator<std::_List_node<snake::SnakeNode> > >::allocate(std::allocator<std::_List_node<snake::SnakeNode> >&, unsigned int)
 .text._ZSt11__addressofISaISt10_List_nodeIN5snake9SnakeNodeEEEEPT_RS5_
                0x0000000008005ffe       0x14 ./Modules/Snake/Src/SnakeLogic.o
                0x0000000008005ffe                std::allocator<std::_List_node<snake::SnakeNode> >* std::__addressof<std::allocator<std::_List_node<snake::SnakeNode> > >(std::allocator<std::_List_node<snake::SnakeNode> >&)
 .text._ZN9__gnu_cxx13new_allocatorISt10_List_nodeIN5snake9SnakeNodeEEE9constructIS3_JR10CoordinateRtEEEvPT_DpOT0_
                0x0000000008006012       0x4a ./Modules/Snake/Src/SnakeLogic.o
                0x0000000008006012                void __gnu_cxx::new_allocator<std::_List_node<snake::SnakeNode> >::construct<snake::SnakeNode, Coordinate&, unsigned short&>(snake::SnakeNode*, Coordinate&, unsigned short&)
 .text._ZN9__gnu_cxx13new_allocatorISt10_List_nodeIN5snake9SnakeNodeEEE9constructIS3_J10CoordinateRtEEEvPT_DpOT0_
                0x000000000800605c       0x4a ./Modules/Snake/Src/SnakeLogic.o
                0x000000000800605c                void __gnu_cxx::new_allocator<std::_List_node<snake::SnakeNode> >::construct<snake::SnakeNode, Coordinate, unsigned short&>(snake::SnakeNode*, Coordinate&&, unsigned short&)
 .text._ZSt4moveIRZNK5snake12ClassicSnake19CheckSnakeCollisionERKNS0_9SnakeNodeEEUlRT_E_EONSt16remove_referenceIS5_E4typeEOS5_
                0x00000000080060a6       0x14 ./Modules/Snake/Src/SnakeLogic.o
 .text._ZN9__gnu_cxx5__ops10_Iter_predIZNK5snake12ClassicSnake19CheckSnakeCollisionERKNS2_9SnakeNodeEEUlRT_E_EC2ES9_
                0x00000000080060ba       0x24 ./Modules/Snake/Src/SnakeLogic.o
 .text._ZSt19__iterator_categoryISt20_List_const_iteratorIN5snake9SnakeNodeEEENSt15iterator_traitsIT_E17iterator_categoryERKS5_
                0x00000000080060de       0x14 ./Modules/Snake/Src/SnakeLogic.o
                0x00000000080060de                std::iterator_traits<std::_List_const_iterator<snake::SnakeNode> >::iterator_category std::__iterator_category<std::_List_const_iterator<snake::SnakeNode> >(std::_List_const_iterator<snake::SnakeNode> const&)
 .text._ZSt9__find_ifISt20_List_const_iteratorIN5snake9SnakeNodeEEN9__gnu_cxx5__ops10_Iter_predIZNKS1_12ClassicSnake19CheckSnakeCollisionERKS2_EUlRT_E_EEESA_SA_SA_T0_St18input_iterator_tag
                0x00000000080060f2       0x5a ./Modules/Snake/Src/SnakeLogic.o
 .text._ZN9__gnu_cxx13new_allocatorISt10_List_nodeIN5snake9SnakeNodeEEE10deallocateEPS4_j
                0x000000000800614c       0x26 ./Modules/Snake/Src/SnakeLogic.o
                0x000000000800614c                __gnu_cxx::new_allocator<std::_List_node<snake::SnakeNode> >::deallocate(std::_List_node<snake::SnakeNode>*, unsigned int)
 .text._ZN9__gnu_cxx13new_allocatorISt10_List_nodeIN5snake9SnakeNodeEEE9constructIS3_JS3_EEEvPT_DpOT0_
                0x0000000008006172       0x30 ./Modules/Snake/Src/SnakeLogic.o
                0x0000000008006172                void __gnu_cxx::new_allocator<std::_List_node<snake::SnakeNode> >::construct<snake::SnakeNode, snake::SnakeNode>(snake::SnakeNode*, snake::SnakeNode&&)
 .text._ZN9__gnu_cxx13new_allocatorISt10_List_nodeIN5snake9SnakeNodeEEE8allocateEjPKv
                0x00000000080061a2       0x42 ./Modules/Snake/Src/SnakeLogic.o
                0x00000000080061a2                __gnu_cxx::new_allocator<std::_List_node<snake::SnakeNode> >::allocate(unsigned int, void const*)
 .text._ZStneRKSt20_List_const_iteratorIN5snake9SnakeNodeEES4_
                0x00000000080061e4       0x26 ./Modules/Snake/Src/SnakeLogic.o
                0x00000000080061e4                std::operator!=(std::_List_const_iterator<snake::SnakeNode> const&, std::_List_const_iterator<snake::SnakeNode> const&)
 .text._ZZNK5snake12ClassicSnake19CheckSnakeCollisionERKNS_9SnakeNodeEENKUlRT_E_clIS2_EEDaS5_
                0x000000000800620a       0x36 ./Modules/Snake/Src/SnakeLogic.o
 .text._ZN9__gnu_cxx5__ops10_Iter_predIZNK5snake12ClassicSnake19CheckSnakeCollisionERKNS2_9SnakeNodeEEUlRT_E_EclISt20_List_const_iteratorIS4_EEEbS7_
                0x0000000008006240       0x28 ./Modules/Snake/Src/SnakeLogic.o
 .text._ZNK9__gnu_cxx13new_allocatorISt10_List_nodeIN5snake9SnakeNodeEEE11_M_max_sizeEv
                0x0000000008006268       0x18 ./Modules/Snake/Src/SnakeLogic.o
                0x0000000008006268                __gnu_cxx::new_allocator<std::_List_node<snake::SnakeNode> >::_M_max_size() const
 .text._ZNKSt20_List_const_iteratorIN5snake9SnakeNodeEEdeEv
                0x0000000008006280       0x1c ./Modules/Snake/Src/SnakeLogic.o
                0x0000000008006280                std::_List_const_iterator<snake::SnakeNode>::operator*() const
 .text._ZNKSt10_List_nodeIN5snake9SnakeNodeEE9_M_valptrEv
                0x000000000800629c       0x1c ./Modules/Snake/Src/SnakeLogic.o
                0x000000000800629c                std::_List_node<snake::SnakeNode>::_M_valptr() const
 .text._ZNK9__gnu_cxx16__aligned_membufIN5snake9SnakeNodeEE6_M_ptrEv
                0x00000000080062b8       0x18 ./Modules/Snake/Src/SnakeLogic.o
                0x00000000080062b8                __gnu_cxx::__aligned_membuf<snake::SnakeNode>::_M_ptr() const
 .text._ZNK9__gnu_cxx16__aligned_membufIN5snake9SnakeNodeEE7_M_addrEv
                0x00000000080062d0       0x14 ./Modules/Snake/Src/SnakeLogic.o
                0x00000000080062d0                __gnu_cxx::__aligned_membuf<snake::SnakeNode>::_M_addr() const
 .text._ZN5snake16printSnakeSquareERNS_9SnakeNodeE
                0x00000000080062e4       0x42 ./Modules/Snake/Src/SnakeTask.o
                0x00000000080062e4                snake::printSnakeSquare(snake::SnakeNode&)
 .text._ZNSt7__cxx114listIN5snake9SnakeNodeESaIS2_EED2Ev
                0x0000000008006326       0x1a ./Modules/Snake/Src/SnakeTask.o
                0x0000000008006326                std::__cxx11::list<snake::SnakeNode, std::allocator<snake::SnakeNode> >::~list()
                0x0000000008006326                std::__cxx11::list<snake::SnakeNode, std::allocator<snake::SnakeNode> >::~list()
 .text._ZN5snake12ClassicSnakeD2Ev
                0x0000000008006340       0x1c ./Modules/Snake/Src/SnakeTask.o
                0x0000000008006340                snake::ClassicSnake::~ClassicSnake()
                0x0000000008006340                snake::ClassicSnake::~ClassicSnake()
 .text._ZN5snake9SnakeTaskEv
                0x000000000800635c      0x1e4 ./Modules/Snake/Src/SnakeTask.o
                0x000000000800635c                snake::SnakeTask()
 .text._ZN5snake18SnakeButtonHandlerERNS_12ClassicSnakeE
                0x0000000008006540       0xb0 ./Modules/Snake/Src/SnakeTask.o
                0x0000000008006540                snake::SnakeButtonHandler(snake::ClassicSnake&)
 .text._ZNSt7__cxx1110_List_baseIN5snake9SnakeNodeESaIS2_EE10_List_implD2Ev
                0x00000000080065f0       0x18 ./Modules/Snake/Src/SnakeTask.o
                0x00000000080065f0                std::__cxx11::_List_base<snake::SnakeNode, std::allocator<snake::SnakeNode> >::_List_impl::~_List_impl()
                0x00000000080065f0                std::__cxx11::_List_base<snake::SnakeNode, std::allocator<snake::SnakeNode> >::_List_impl::~_List_impl()
 .text._ZNSt7__cxx1110_List_baseIN5snake9SnakeNodeESaIS2_EED2Ev
                0x0000000008006608       0x20 ./Modules/Snake/Src/SnakeTask.o
                0x0000000008006608                std::__cxx11::_List_base<snake::SnakeNode, std::allocator<snake::SnakeNode> >::~_List_base()
                0x0000000008006608                std::__cxx11::_List_base<snake::SnakeNode, std::allocator<snake::SnakeNode> >::~_List_base()
 .text._ZSt8for_eachISt14_List_iteratorIN5snake9SnakeNodeEEPFvRS2_EET0_T_S8_S7_
                0x0000000008006628       0x4a ./Modules/Snake/Src/SnakeTask.o
                0x0000000008006628                void (*std::for_each<std::_List_iterator<snake::SnakeNode>, void (*)(snake::SnakeNode&)>(std::_List_iterator<snake::SnakeNode>, std::_List_iterator<snake::SnakeNode>, void (*)(snake::SnakeNode&)))(snake::SnakeNode&)
 .text._ZNSaISt10_List_nodeIN5snake9SnakeNodeEEED2Ev
                0x0000000008006672       0x18 ./Modules/Snake/Src/SnakeTask.o
                0x0000000008006672                std::allocator<std::_List_node<snake::SnakeNode> >::~allocator()
                0x0000000008006672                std::allocator<std::_List_node<snake::SnakeNode> >::~allocator()
 .text._ZNSt7__cxx1110_List_baseIN5snake9SnakeNodeESaIS2_EE8_M_clearEv
                0x000000000800668a       0x4a ./Modules/Snake/Src/SnakeTask.o
                0x000000000800668a                std::__cxx11::_List_base<snake::SnakeNode, std::allocator<snake::SnakeNode> >::_M_clear()
 .text._ZStneRKSt14_List_iteratorIN5snake9SnakeNodeEES4_
                0x00000000080066d4       0x26 ./Modules/Snake/Src/SnakeTask.o
                0x00000000080066d4                std::operator!=(std::_List_iterator<snake::SnakeNode> const&, std::_List_iterator<snake::SnakeNode> const&)
 .text._ZN9__gnu_cxx13new_allocatorISt10_List_nodeIN5snake9SnakeNodeEEED2Ev
                0x00000000080066fa       0x14 ./Modules/Snake/Src/SnakeTask.o
                0x00000000080066fa                __gnu_cxx::new_allocator<std::_List_node<snake::SnakeNode> >::~new_allocator()
                0x00000000080066fa                __gnu_cxx::new_allocator<std::_List_node<snake::SnakeNode> >::~new_allocator()
 .text._ZSt3minIjERKT_S2_S2_
                0x000000000800670e       0x26 ./Modules/Tetris/Src/TetrisLogic.o
                0x000000000800670e                unsigned int const& std::min<unsigned int>(unsigned int const&, unsigned int const&)
 .text._ZN6tetris15PartTetrisBlockC2Ebm
                0x0000000008006734       0x26 ./Modules/Tetris/Src/TetrisLogic.o
                0x0000000008006734                tetris::PartTetrisBlock::PartTetrisBlock(bool, unsigned long)
                0x0000000008006734                tetris::PartTetrisBlock::PartTetrisBlock(bool, unsigned long)
 .text._ZNSt12_Vector_baseIN6tetris15PartTetrisBlockESaIS1_EE12_Vector_implD2Ev
                0x000000000800675a       0x18 ./Modules/Tetris/Src/TetrisLogic.o
                0x000000000800675a                std::_Vector_base<tetris::PartTetrisBlock, std::allocator<tetris::PartTetrisBlock> >::_Vector_impl::~_Vector_impl()
                0x000000000800675a                std::_Vector_base<tetris::PartTetrisBlock, std::allocator<tetris::PartTetrisBlock> >::_Vector_impl::~_Vector_impl()
 .text._ZNSt12_Vector_baseIN6tetris15PartTetrisBlockESaIS1_EEC2Ev
                0x0000000008006772       0x1a ./Modules/Tetris/Src/TetrisLogic.o
                0x0000000008006772                std::_Vector_base<tetris::PartTetrisBlock, std::allocator<tetris::PartTetrisBlock> >::_Vector_base()
                0x0000000008006772                std::_Vector_base<tetris::PartTetrisBlock, std::allocator<tetris::PartTetrisBlock> >::_Vector_base()
 .text._ZNSt6vectorIN6tetris15PartTetrisBlockESaIS1_EEC2Ev
                0x000000000800678c       0x1a ./Modules/Tetris/Src/TetrisLogic.o
                0x000000000800678c                std::vector<tetris::PartTetrisBlock, std::allocator<tetris::PartTetrisBlock> >::vector()
                0x000000000800678c                std::vector<tetris::PartTetrisBlock, std::allocator<tetris::PartTetrisBlock> >::vector()
 .text._ZNSt12_Vector_baseIN6tetris12TetrisFigureESaIS1_EE12_Vector_implD2Ev
                0x00000000080067a6       0x18 ./Modules/Tetris/Src/TetrisLogic.o
                0x00000000080067a6                std::_Vector_base<tetris::TetrisFigure, std::allocator<tetris::TetrisFigure> >::_Vector_impl::~_Vector_impl()
                0x00000000080067a6                std::_Vector_base<tetris::TetrisFigure, std::allocator<tetris::TetrisFigure> >::_Vector_impl::~_Vector_impl()
 .text._ZNSt12_Vector_baseIN6tetris12TetrisFigureESaIS1_EEC2Ev
                0x00000000080067be       0x1a ./Modules/Tetris/Src/TetrisLogic.o
                0x00000000080067be                std::_Vector_base<tetris::TetrisFigure, std::allocator<tetris::TetrisFigure> >::_Vector_base()
                0x00000000080067be                std::_Vector_base<tetris::TetrisFigure, std::allocator<tetris::TetrisFigure> >::_Vector_base()
 .text._ZNSt6vectorIN6tetris12TetrisFigureESaIS1_EEC2Ev
                0x00000000080067d8       0x1a ./Modules/Tetris/Src/TetrisLogic.o
                0x00000000080067d8                std::vector<tetris::TetrisFigure, std::allocator<tetris::TetrisFigure> >::vector()
                0x00000000080067d8                std::vector<tetris::TetrisFigure, std::allocator<tetris::TetrisFigure> >::vector()
 *fill*         0x00000000080067f2        0x2 
 .text._ZN6tetris13TetrisManagerC2Ev
                0x00000000080067f4       0xcc ./Modules/Tetris/Src/TetrisLogic.o
                0x00000000080067f4                tetris::TetrisManager::TetrisManager()
                0x00000000080067f4                tetris::TetrisManager::TetrisManager()
 .text._ZN6tetris13TetrisManager14EraseFilledRowEv
                0x00000000080068c0      0x132 ./Modules/Tetris/Src/TetrisLogic.o
                0x00000000080068c0                tetris::TetrisManager::EraseFilledRow()
 *fill*         0x00000000080069f2        0x2 
 .text._ZN6tetris13TetrisManager17GenerateNewFigureEv
                0x00000000080069f4       0x6c ./Modules/Tetris/Src/TetrisLogic.o
                0x00000000080069f4                tetris::TetrisManager::GenerateNewFigure()
 .text._ZNSt12_Vector_baseIN6tetris15PartTetrisBlockESaIS1_EEC2EOS3_
                0x0000000008006a60       0x20 ./Modules/Tetris/Src/TetrisLogic.o