c:\st\stm32cubeide_1.7.0\stm32cubeide\plugins\com.st.stm32cube.ide.mcu.externaltools.gnu-tools-for-stm32.10.3-2021.10.win32_1.0.100.202210260954\tools\bin\../lib/gcc/arm-none-eabi/10.3.1/../../../../arm-none-eabi/include/c++/10.3.1/arm-none-eabi/thumb/v7-m/nofp/bits/gthr-default.h:229:1:int __gthread_key_delete(__gthread_key_t)	16	static
../Modules/Process/Src/MainThread.cpp:10:6:void MainInit()	8	static
../Modules/Process/Src/MainThread.cpp:16:6:void AboutChoice()	4	static
../Modules/Process/Src/MainThread.cpp:21:6:void PrintMenuInterface()	16	static
../Modules/Process/Src/MainThread.cpp:34:6:void PrintButton(void (*)(), uint16_t)	24	static
../Modules/Process/Src/MainThread.cpp:59:6:void МenuChoice(void (**)())	16	static
../Modules/Process/Src/MainThread.cpp:93:6:void MainThread()	16	static
../Modules/Process/Src/MainThread.cpp:104:6:void SysTickThread()	8	static
../Modules/Process/Src/MainThread.cpp:109:10:uint32_t computeTimeDuration(uint32_t)	16	static
../Modules/Process/Src/MainThread.cpp:112:1:void __static_initialization_and_destruction_0(int, int)	16	static
../Modules/Process/Src/MainThread.cpp:112:1:cpp)	8	static
