../Modules/Adafruit_GFX/Src/Adafruit_GFX.cpp:97:10:uint16_t tft_begin()	8	static
../Modules/Adafruit_GFX/Src/Adafruit_GFX.cpp:114:6:void tft_writeLine(int16_t, int16_t, int16_t, int16_t, uint16_t)	48	static
../Modules/Adafruit_GFX/Src/Adafruit_GFX.cpp:165:6:void tft_writePixel(int16_t, int16_t, uint16_t)	16	static
../Modules/Adafruit_GFX/Src/Adafruit_GFX.cpp:171:6:void tft_writeFastVLine(int16_t, int16_t, int16_t, uint16_t)	24	static
../Modules/Adafruit_GFX/Src/Adafruit_GFX.cpp:179:6:void tft_writeFastHLine(int16_t, int16_t, int16_t, uint16_t)	24	static
../Modules/Adafruit_GFX/Src/Adafruit_GFX.cpp:189:6:void tft_writeFillRect(int16_t, int16_t, int16_t, int16_t, uint16_t)	32	static
../Modules/Adafruit_GFX/Src/Adafruit_GFX.cpp:196:6:void tft_fillScreen(uint16_t)	24	static
../Modules/Adafruit_GFX/Src/Adafruit_GFX.cpp:204:6:void tft_drawLine(int16_t, int16_t, int16_t, int16_t, uint16_t)	32	static
../Modules/Adafruit_GFX/Src/Adafruit_GFX.cpp:224:6:void tft_drawCircle(int16_t, int16_t, int16_t, uint16_t)	40	static
../Modules/Adafruit_GFX/Src/Adafruit_GFX.cpp:261:6:void tft_drawCircleHelper(int16_t, int16_t, int16_t, uint8_t, uint16_t)	40	static
../Modules/Adafruit_GFX/Src/Adafruit_GFX.cpp:303:6:void tft_fillCircle(int16_t, int16_t, int16_t, uint16_t)	32	static
../Modules/Adafruit_GFX/Src/Adafruit_GFX.cpp:310:6:void tft_fillCircleHelper(int16_t, int16_t, int16_t, uint8_t, int16_t, uint16_t)	40	static
../Modules/Adafruit_GFX/Src/Adafruit_GFX.cpp:345:6:void tft_drawRect(int16_t, int16_t, int16_t, int16_t, uint16_t)	24	static
../Modules/Adafruit_GFX/Src/Adafruit_GFX.cpp:354:6:void tft_drawRoundRect(int16_t, int16_t, int16_t, int16_t, int16_t, uint16_t)	32	static
../Modules/Adafruit_GFX/Src/Adafruit_GFX.cpp:369:6:void tft_fillRoundRect(int16_t, int16_t, int16_t, int16_t, int16_t, uint16_t)	32	static
../Modules/Adafruit_GFX/Src/Adafruit_GFX.cpp:380:6:void tft_drawTriangle(int16_t, int16_t, int16_t, int16_t, int16_t, int16_t, uint16_t)	32	static
../Modules/Adafruit_GFX/Src/Adafruit_GFX.cpp:388:6:void tft_fillTriangle(int16_t, int16_t, int16_t, int16_t, int16_t, int16_t, uint16_t)	72	static
../Modules/Adafruit_GFX/Src/Adafruit_GFX.cpp:477:6:void tft_drawBitmap(int16_t, int16_t, const uint8_t*, int16_t, int16_t, uint16_t)	32	static
../Modules/Adafruit_GFX/Src/Adafruit_GFX.cpp:497:6:void tft_drawBitmap_01(int16_t, int16_t, const uint8_t*, int16_t, int16_t, uint16_t, uint16_t)	32	static
../Modules/Adafruit_GFX/Src/Adafruit_GFX.cpp:516:6:void tft_drawBitmap_02(int16_t, int16_t, uint8_t*, int16_t, int16_t, uint16_t)	32	static
../Modules/Adafruit_GFX/Src/Adafruit_GFX.cpp:534:6:void tft_drawBitmap_03(int16_t, int16_t, uint8_t*, int16_t, int16_t, uint16_t, uint16_t)	32	static
../Modules/Adafruit_GFX/Src/Adafruit_GFX.cpp:555:6:void tft_drawXBitmap(int16_t, int16_t, const uint8_t*, int16_t, int16_t, uint16_t)	32	static
../Modules/Adafruit_GFX/Src/Adafruit_GFX.cpp:573:6:void tft_drawChar(int16_t, int16_t, unsigned char, uint16_t, uint16_t, uint8_t)	64	static
../Modules/Adafruit_GFX/Src/Adafruit_GFX.cpp:675:6:void tft_write(uint8_t)	48	static
../Modules/Adafruit_GFX/Src/Adafruit_GFX.cpp:736:6:void tft_setCursor(int16_t, int16_t)	16	static
../Modules/Adafruit_GFX/Src/Adafruit_GFX.cpp:742:9:int16_t tft_getCursorX()	4	static
../Modules/Adafruit_GFX/Src/Adafruit_GFX.cpp:747:9:int16_t tft_getCursorY()	4	static
../Modules/Adafruit_GFX/Src/Adafruit_GFX.cpp:752:6:void tft_setTextSize(uint8_t)	16	static
../Modules/Adafruit_GFX/Src/Adafruit_GFX.cpp:757:6:void tft_setTextColor(uint16_t)	16	static
../Modules/Adafruit_GFX/Src/Adafruit_GFX.cpp:764:6:void tft_setTextColor_01(uint16_t, uint16_t)	16	static
../Modules/Adafruit_GFX/Src/Adafruit_GFX.cpp:770:6:void tft_setTextWrap(bool)	16	static
../Modules/Adafruit_GFX/Src/Adafruit_GFX.cpp:775:9:uint8_t tft_getRotation()	4	static
../Modules/Adafruit_GFX/Src/Adafruit_GFX.cpp:780:6:void tft_setRotation(uint8_t)	16	static
../Modules/Adafruit_GFX/Src/Adafruit_GFX.cpp:799:6:void tft_setFont(const GFXfont*)	16	static
../Modules/Adafruit_GFX/Src/Adafruit_GFX.cpp:820:6:void tft_getTextBounds(char*, int16_t, int16_t, int16_t*, int16_t*, uint16_t*, uint16_t*)	64	static
../Modules/Adafruit_GFX/Src/Adafruit_GFX.cpp:930:9:int16_t tft_width()	4	static
../Modules/Adafruit_GFX/Src/Adafruit_GFX.cpp:935:9:int16_t tft_height()	4	static
../Modules/Adafruit_GFX/Src/Adafruit_GFX.cpp:940:6:void tft_invertDisplay(bool)	16	static
../Modules/Adafruit_GFX/Src/Adafruit_GFX.cpp:945:6:void tft_print(char*)	24	static
../Modules/Adafruit_GFX/Src/Adafruit_GFX.cpp:953:6:void tft_print(const char*)	24	static
../Modules/Adafruit_GFX/Src/Adafruit_GFX.cpp:961:6:void tft_print(int)	16	static
../Modules/Adafruit_GFX/Src/Adafruit_GFX.cpp:966:6:void tft_print(float)	16	static
../Modules/Adafruit_GFX/Src/Adafruit_GFX.cpp:977:6:void ts_itoa(char**, unsigned int, int)	32	static
../Modules/Adafruit_GFX/Src/Adafruit_GFX.cpp:1000:5:int ts_formatstring(char*, const char*, va_list)	40	static
../Modules/Adafruit_GFX/Src/Adafruit_GFX.cpp:1070:6:)	16	static
../Modules/Adafruit_GFX/Src/Adafruit_GFX.cpp:1087:6:void tft_box_write(t_tb_data*, uint8_t)	48	static
../Modules/Adafruit_GFX/Src/Adafruit_GFX.cpp:1157:6:void tft_box_print(t_tb_data*, char*)	24	static
